[1m[31m[31m✘ [41;31m[[41;97mERROR[41;31m][0m [1munmatched "}".
    ╷
682 │ }
    │ ^
    ╵
  src\app\features\pokemon-detail\pokemon-detail.component.scss 682:1  root stylesheet[0m [1m[35m[plugin angular-sass][0m

[39m[22m
[1m[31m[31m✘ [41;31m[[41;97mERROR[41;31m][0m [1munmatched "}".
    ╷
682 │ }
    │ ^
    ╵
  src\app\features\pokemon-detail\pokemon-detail.component.scss 682:1  root stylesheet[0m [1m[35m[plugin angular-sass][0m

[39m[22m
[1m[31m[31m✘ [41;31m[[41;97mERROR[41;31m][0m [1munmatched "}".
    ╷
682 │ }
    │ ^
    ╵
  src\app\features\pokemon-detail\pokemon-detail.component.scss 682:1  root stylesheet[0m [1m[35m[plugin angular-sass][0m

[39m[22m
[1m[31m[31m✘ [41;31m[[41;97mERROR[41;31m][0m [1mTS1185: Merge conflict marker encountered.[0m [1m[35m[plugin angular-compiler][0m

    src/app/core/services/pokemon.service.ts:424:0:
[37m      424 │ [32m<<<<<<<[37m HEAD
          ╵ [32m~~~~~~~[0m


[31m✘ [41;31m[[41;97mERROR[41;31m][0m [1mTS1185: Merge conflict marker encountered.[0m [1m[35m[plugin angular-compiler][0m

    src/app/core/services/pokemon.service.ts:430:0:
[37m      430 │ [32m=======[37m
          ╵ [32m~~~~~~~[0m


[31m✘ [41;31m[[41;97mERROR[41;31m][0m [1mTS1185: Merge conflict marker encountered.[0m [1m[35m[plugin angular-compiler][0m

    src/app/core/services/pokemon.service.ts:432:0:
[37m      432 │ [32m>>>>>>>[37m b0c0d82 (feat: shiny artwork, hero shimmer, layout adjust...
          ╵ [32m~~~~~~~[0m

[39m[22m
[1m[31m[31m✘ [41;31m[[41;97mERROR[41;31m][0m [1mTS1185: Merge conflict marker encountered.[0m [1m[35m[plugin angular-compiler][0m

    src/app/core/services/pokemon.service.ts:424:0:
[37m      424 │ [32m<<<<<<<[37m HEAD
          ╵ [32m~~~~~~~[0m


[31m✘ [41;31m[[41;97mERROR[41;31m][0m [1mTS1185: Merge conflict marker encountered.[0m [1m[35m[plugin angular-compiler][0m

    src/app/core/services/pokemon.service.ts:430:0:
[37m      430 │ [32m=======[37m
          ╵ [32m~~~~~~~[0m


[31m✘ [41;31m[[41;97mERROR[41;31m][0m [1mTS1185: Merge conflict marker encountered.[0m [1m[35m[plugin angular-compiler][0m

    src/app/core/services/pokemon.service.ts:432:0:
[37m      432 │ [32m>>>>>>>[37m b0c0d82 (feat: shiny artwork, hero shimmer, layout adjust...
          ╵ [32m~~~~~~~[0m

[39m[22m
[1m[31m[31m✘ [41;31m[[41;97mERROR[41;31m][0m [1mTS2339: Property 'isStatHigher' does not exist on type 'CompareComponent'.[0m [1m[35m[plugin angular-compiler][0m

    src/app/features/compare/compare.component.html:71:70:
[37m      71 │ ...class.compare-stat--higher]="[32misStatHigher[37m(pokemonA(), stat.name)">
         ╵                                 [32m~~~~~~~~~~~~[0m

  Error occurs in the template of component CompareComponent.

    src/app/features/compare/compare.component.ts:20:15:
[37m      20 │   templateUrl: [32m'./compare.component.html'[37m,
         ╵                [32m~~~~~~~~~~~~~~~~~~~~~~~~~~[0m


[31m✘ [41;31m[[41;97mERROR[41;31m][0m [1mTS2551: Property 'statPercent' does not exist on type 'CompareComponent'. Did you mean 'statPercentA'?[0m [1m[35m[plugin angular-compiler][0m

    src/app/features/compare/compare.component.html:78:39:
[37m      78 │ ...              [style.width.%]="[32mstatPercent[37m(b.stats[idx].baseStat)"
         ╵                                   [32m~~~~~~~~~~~[0m

  Error occurs in the template of component CompareComponent.

    src/app/features/compare/compare.component.ts:20:15:
[37m      20 │   templateUrl: [32m'./compare.component.html'[37m,
         ╵                [32m~~~~~~~~~~~~~~~~~~~~~~~~~~[0m


[31m✘ [41;31m[[41;97mERROR[41;31m][0m [1mTS2551: Property 'statPercent' does not exist on type 'CompareComponent'. Did you mean 'statPercentA'?[0m [1m[35m[plugin angular-compiler][0m

    src/app/features/compare/compare.component.html:84:37:
[37m      84 │                     [style.width.%]="[32mstatPercent[37m(stat.baseStat)"
         ╵                                      [32m~~~~~~~~~~~[0m

  Error occurs in the template of component CompareComponent.

    src/app/features/compare/compare.component.ts:20:15:
[37m      20 │   templateUrl: [32m'./compare.component.html'[37m,
         ╵                [32m~~~~~~~~~~~~~~~~~~~~~~~~~~[0m


[31m✘ [41;31m[[41;97mERROR[41;31m][0m [1mTS2339: Property 'isStatHigher' does not exist on type 'CompareComponent'.[0m [1m[35m[plugin angular-compiler][0m

    src/app/features/compare/compare.component.html:149:70:
[37m      149 │ ...lass.compare-stat--higher]="[32misStatHigher[37m(pokemonB(), stat.name)">
          ╵                                [32m~~~~~~~~~~~~[0m

  Error occurs in the template of component CompareComponent.

    src/app/features/compare/compare.component.ts:20:15:
[37m      20 │   templateUrl: [32m'./compare.component.html'[37m,
         ╵                [32m~~~~~~~~~~~~~~~~~~~~~~~~~~[0m


[31m✘ [41;31m[[41;97mERROR[41;31m][0m [1mTS2551: Property 'statPercent' does not exist on type 'CompareComponent'. Did you mean 'statPercentA'?[0m [1m[35m[plugin angular-compiler][0m

    src/app/features/compare/compare.component.html:156:39:
[37m      156 │ ...             [style.width.%]="[32mstatPercent[37m(a.stats[idx].baseStat)"
          ╵                                  [32m~~~~~~~~~~~[0m

  Error occurs in the template of component CompareComponent.

    src/app/features/compare/compare.component.ts:20:15:
[37m      20 │   templateUrl: [32m'./compare.component.html'[37m,
         ╵                [32m~~~~~~~~~~~~~~~~~~~~~~~~~~[0m


[31m✘ [41;31m[[41;97mERROR[41;31m][0m [1mTS2551: Property 'statPercent' does not exist on type 'CompareComponent'. Did you mean 'statPercentA'?[0m [1m[35m[plugin angular-compiler][0m

    src/app/features/compare/compare.component.html:162:37:
[37m      162 │                     [style.width.%]="[32mstatPercent[37m(stat.baseStat)"
          ╵                                      [32m~~~~~~~~~~~[0m

  Error occurs in the template of component CompareComponent.

    src/app/features/compare/compare.component.ts:20:15:
[37m      20 │   templateUrl: [32m'./compare.component.html'[37m,
         ╵                [32m~~~~~~~~~~~~~~~~~~~~~~~~~~[0m


[31m✘ [41;31m[[41;97mERROR[41;31m][0m [1mTS2339: Property 'activeDot' does not exist on type 'CompareComponent'.[0m [1m[35m[plugin angular-compiler][0m

    src/app/features/compare/compare.component.html:197:63:
[37m      197 │ ...ass.compare__dot--active]="[32mactiveDot[37m() === 0" (click)="scrollT...
          ╵                               [32m~~~~~~~~~[0m

  Error occurs in the template of component CompareComponent.

    src/app/features/compare/compare.component.ts:20:15:
[37m      20 │   templateUrl: [32m'./compare.component.html'[37m,
         ╵                [32m~~~~~~~~~~~~~~~~~~~~~~~~~~[0m


[31m✘ [41;31m[[41;97mERROR[41;31m][0m [1mTS2339: Property 'scrollToCard' does not exist on type 'CompareComponent'.[0m [1m[35m[plugin angular-compiler][0m

    src/app/features/compare/compare.component.html:197:91:
[37m      197 │ ...iveDot() === 0" (click)="[32mscrollToCard[37m(0)" aria-label="Pokémon...
          ╵                             [32m~~~~~~~~~~~~[0m

  Error occurs in the template of component CompareComponent.

    src/app/features/compare/compare.component.ts:20:15:
[37m      20 │   templateUrl: [32m'./compare.component.html'[37m,
         ╵                [32m~~~~~~~~~~~~~~~~~~~~~~~~~~[0m


[31m✘ [41;31m[[41;97mERROR[41;31m][0m [1mTS2339: Property 'activeDot' does not exist on type 'CompareComponent'.[0m [1m[35m[plugin angular-compiler][0m

    src/app/features/compare/compare.component.html:198:63:
[37m      198 │ ...ass.compare__dot--active]="[32mactiveDot[37m() === 1" (click)="scrollT...
          ╵                               [32m~~~~~~~~~[0m

  Error occurs in the template of component CompareComponent.

    src/app/features/compare/compare.component.ts:20:15:
[37m      20 │   templateUrl: [32m'./compare.component.html'[37m,
         ╵                [32m~~~~~~~~~~~~~~~~~~~~~~~~~~[0m


[31m✘ [41;31m[[41;97mERROR[41;31m][0m [1mTS2339: Property 'scrollToCard' does not exist on type 'CompareComponent'.[0m [1m[35m[plugin angular-compiler][0m

    src/app/features/compare/compare.component.html:198:91:
[37m      198 │ ...iveDot() === 1" (click)="[32mscrollToCard[37m(1)" aria-label="Pokémon...
          ╵                             [32m~~~~~~~~~~~~[0m

  Error occurs in the template of component CompareComponent.

    src/app/features/compare/compare.component.ts:20:15:
[37m      20 │   templateUrl: [32m'./compare.component.html'[37m,
         ╵                [32m~~~~~~~~~~~~~~~~~~~~~~~~~~[0m

[39m[22m
[1m[31m[31m✘ [41;31m[[41;97mERROR[41;31m][0m [1mNG5002: Parser Error: Bindings cannot contain assignments at column 18 in [ a.stats.find(s => s.name === statName)?.baseStat ] in D:\repositories\pokedex\src\app\features\compare\compare.component.html@97:50[0m [1m[35m[plugin angular-compiler][0m

    src/app/features/compare/compare.component.html:98:50:
[37m      98 │ ...t__value">[32m{{ a.stats.find(s => s.name === statName)?.baseStat }[37m...
         ╵              [32m~~~~~~~~~~~~~~~~~~~~~~~~~~~~~~~~~~~~~~~~~~~~~~~~~~~~~[0m

  Error occurs in the template of component CompareComponent.

    src/app/features/compare/compare.component.ts:20:15:
[37m      20 │   templateUrl: [32m'./compare.component.html'[37m,
         ╵                [32m~~~~~~~~~~~~~~~~~~~~~~~~~~[0m


[31m✘ [41;31m[[41;97mERROR[41;31m][0m [1mTS2769: No overload matches this call.
  Overload 1 of 2, '(predicate: (value: PokemonStat, index: number, obj: PokemonStat[]) => value is PokemonStat, thisArg?: any): PokemonStat | undefined', gave the following error.
    Argument of type 'undefined' is not assignable to parameter of type '(value: PokemonStat, index: number, obj: PokemonStat[]) => value is PokemonStat'.
  Overload 2 of 2, '(predicate: (value: PokemonStat, index: number, obj: PokemonStat[]) => unknown, thisArg?: any): PokemonStat | undefined', gave the following error.
    Argument of type 'undefined' is not assignable to parameter of type '(value: PokemonStat, index: number, obj: PokemonStat[]) => unknown'.[0m [1m[35m[plugin angular-compiler][0m

    src/app/features/compare/compare.component.html:98:66:
[37m      98 │ ...lue">{{ a.stats.find([32ms => s.name === statName[37m)?.baseStat }}</span>
         ╵                         [32m~~~~~~~~~~~~~~~~~~~~~~~~[0m

  Error occurs in the template of component CompareComponent.

    src/app/features/compare/compare.component.ts:20:15:
[37m      20 │   templateUrl: [32m'./compare.component.html'[37m,
         ╵                [32m~~~~~~~~~~~~~~~~~~~~~~~~~~[0m


[31m✘ [41;31m[[41;97mERROR[41;31m][0m [1mNG5002: Parser Error: Bindings cannot contain assignments at column 18 in [ b.stats.find(s => s.name === statName)?.baseStat ] in D:\repositories\pokedex\src\app\features\compare\compare.component.html@100:50[0m [1m[35m[plugin angular-compiler][0m

    src/app/features/compare/compare.component.html:101:50:
[37m      101 │ ...t__value">[32m{{ b.stats.find(s => s.name === statName)?.baseStat [37m...
          ╵              [32m~~~~~~~~~~~~~~~~~~~~~~~~~~~~~~~~~~~~~~~~~~~~~~~~~~~~[0m

  Error occurs in the template of component CompareComponent.

    src/app/features/compare/compare.component.ts:20:15:
[37m      20 │   templateUrl: [32m'./compare.component.html'[37m,
         ╵                [32m~~~~~~~~~~~~~~~~~~~~~~~~~~[0m


[31m✘ [41;31m[[41;97mERROR[41;31m][0m [1mTS2769: No overload matches this call.
  Overload 1 of 2, '(predicate: (value: PokemonStat, index: number, obj: PokemonStat[]) => value is PokemonStat, thisArg?: any): PokemonStat | undefined', gave the following error.
    Argument of type 'undefined' is not assignable to parameter of type '(value: PokemonStat, index: number, obj: PokemonStat[]) => value is PokemonStat'.
  Overload 2 of 2, '(predicate: (value: PokemonStat, index: number, obj: PokemonStat[]) => unknown, thisArg?: any): PokemonStat | undefined', gave the following error.
    Argument of type 'undefined' is not assignable to parameter of type '(value: PokemonStat, index: number, obj: PokemonStat[]) => unknown'.[0m [1m[35m[plugin angular-compiler][0m

    src/app/features/compare/compare.component.html:101:66:
[37m      101 │ ...ue">{{ b.stats.find([32ms => s.name === statName[37m)?.baseStat }}</span>
          ╵                        [32m~~~~~~~~~~~~~~~~~~~~~~~~[0m

  Error occurs in the template of component CompareComponent.

    src/app/features/compare/compare.component.ts:20:15:
[37m      20 │   templateUrl: [32m'./compare.component.html'[37m,
         ╵                [32m~~~~~~~~~~~~~~~~~~~~~~~~~~[0m

[39m[22m
[1m[31m[31m✘ [41;31m[[41;97mERROR[41;31m][0m [1mNG5002: Parser Error: Bindings cannot contain assignments at column 18 in [ a.stats.find(s => s.name === statName)?.baseStat ] in D:\repositories\pokedex\src\app\features\compare\compare.component.html@97:50[0m [1m[35m[plugin angular-compiler][0m

    src/app/features/compare/compare.component.html:98:50:
[37m      98 │ ...t__value">[32m{{ a.stats.find(s => s.name === statName)?.baseStat }[37m...
         ╵              [32m~~~~~~~~~~~~~~~~~~~~~~~~~~~~~~~~~~~~~~~~~~~~~~~~~~~~~[0m

  Error occurs in the template of component CompareComponent.

    src/app/features/compare/compare.component.ts:20:15:
[37m      20 │   templateUrl: [32m'./compare.component.html'[37m,
         ╵                [32m~~~~~~~~~~~~~~~~~~~~~~~~~~[0m


[31m✘ [41;31m[[41;97mERROR[41;31m][0m [1mTS2769: No overload matches this call.
  Overload 1 of 2, '(predicate: (value: PokemonStat, index: number, obj: PokemonStat[]) => value is PokemonStat, thisArg?: any): PokemonStat | undefined', gave the following error.
    Argument of type 'undefined' is not assignable to parameter of type '(value: PokemonStat, index: number, obj: PokemonStat[]) => value is PokemonStat'.
  Overload 2 of 2, '(predicate: (value: PokemonStat, index: number, obj: PokemonStat[]) => unknown, thisArg?: any): PokemonStat | undefined', gave the following error.
    Argument of type 'undefined' is not assignable to parameter of type '(value: PokemonStat, index: number, obj: PokemonStat[]) => unknown'.[0m [1m[35m[plugin angular-compiler][0m

    src/app/features/compare/compare.component.html:98:66:
[37m      98 │ ...lue">{{ a.stats.find([32ms => s.name === statName[37m)?.baseStat }}</span>
         ╵                         [32m~~~~~~~~~~~~~~~~~~~~~~~~[0m

  Error occurs in the template of component CompareComponent.

    src/app/features/compare/compare.component.ts:20:15:
[37m      20 │   templateUrl: [32m'./compare.component.html'[37m,
         ╵                [32m~~~~~~~~~~~~~~~~~~~~~~~~~~[0m


[31m✘ [41;31m[[41;97mERROR[41;31m][0m [1mNG5002: Parser Error: Bindings cannot contain assignments at column 18 in [ b.stats.find(s => s.name === statName)?.baseStat ] in D:\repositories\pokedex\src\app\features\compare\compare.component.html@100:50[0m [1m[35m[plugin angular-compiler][0m

    src/app/features/compare/compare.component.html:101:50:
[37m      101 │ ...t__value">[32m{{ b.stats.find(s => s.name === statName)?.baseStat [37m...
          ╵              [32m~~~~~~~~~~~~~~~~~~~~~~~~~~~~~~~~~~~~~~~~~~~~~~~~~~~~[0m

  Error occurs in the template of component CompareComponent.

    src/app/features/compare/compare.component.ts:20:15:
[37m      20 │   templateUrl: [32m'./compare.component.html'[37m,
         ╵                [32m~~~~~~~~~~~~~~~~~~~~~~~~~~[0m


[31m✘ [41;31m[[41;97mERROR[41;31m][0m [1mTS2769: No overload matches this call.
  Overload 1 of 2, '(predicate: (value: PokemonStat, index: number, obj: PokemonStat[]) => value is PokemonStat, thisArg?: any): PokemonStat | undefined', gave the following error.
    Argument of type 'undefined' is not assignable to parameter of type '(value: PokemonStat, index: number, obj: PokemonStat[]) => value is PokemonStat'.
  Overload 2 of 2, '(predicate: (value: PokemonStat, index: number, obj: PokemonStat[]) => unknown, thisArg?: any): PokemonStat | undefined', gave the following error.
    Argument of type 'undefined' is not assignable to parameter of type '(value: PokemonStat, index: number, obj: PokemonStat[]) => unknown'.[0m [1m[35m[plugin angular-compiler][0m

    src/app/features/compare/compare.component.html:101:66:
[37m      101 │ ...ue">{{ b.stats.find([32ms => s.name === statName[37m)?.baseStat }}</span>
          ╵                        [32m~~~~~~~~~~~~~~~~~~~~~~~~[0m

  Error occurs in the template of component CompareComponent.

    src/app/features/compare/compare.component.ts:20:15:
[37m      20 │   templateUrl: [32m'./compare.component.html'[37m,
         ╵                [32m~~~~~~~~~~~~~~~~~~~~~~~~~~[0m

[39m[22m
[1m[31m[31m✘ [41;31m[[41;97mERROR[41;31m][0m [1mNG5002: Parser Error: Bindings cannot contain assignments at column 18 in [ a.stats.find(s => s.name === statName)?.baseStat ] in D:\repositories\pokedex\src\app\features\compare\compare.component.html@97:50[0m [1m[35m[plugin angular-compiler][0m

    src/app/features/compare/compare.component.html:98:50:
[37m      98 │ ...t__value">[32m{{ a.stats.find(s => s.name === statName)?.baseStat }[37m...
         ╵              [32m~~~~~~~~~~~~~~~~~~~~~~~~~~~~~~~~~~~~~~~~~~~~~~~~~~~~~[0m

  Error occurs in the template of component CompareComponent.

    src/app/features/compare/compare.component.ts:20:15:
[37m      20 │   templateUrl: [32m'./compare.component.html'[37m,
         ╵                [32m~~~~~~~~~~~~~~~~~~~~~~~~~~[0m


[31m✘ [41;31m[[41;97mERROR[41;31m][0m [1mTS2769: No overload matches this call.
  Overload 1 of 2, '(predicate: (value: PokemonStat, index: number, obj: PokemonStat[]) => value is PokemonStat, thisArg?: any): PokemonStat | undefined', gave the following error.
    Argument of type 'undefined' is not assignable to parameter of type '(value: PokemonStat, index: number, obj: PokemonStat[]) => value is PokemonStat'.
  Overload 2 of 2, '(predicate: (value: PokemonStat, index: number, obj: PokemonStat[]) => unknown, thisArg?: any): PokemonStat | undefined', gave the following error.
    Argument of type 'undefined' is not assignable to parameter of type '(value: PokemonStat, index: number, obj: PokemonStat[]) => unknown'.[0m [1m[35m[plugin angular-compiler][0m

    src/app/features/compare/compare.component.html:98:66:
[37m      98 │ ...lue">{{ a.stats.find([32ms => s.name === statName[37m)?.baseStat }}</span>
         ╵                         [32m~~~~~~~~~~~~~~~~~~~~~~~~[0m

  Error occurs in the template of component CompareComponent.

    src/app/features/compare/compare.component.ts:20:15:
[37m      20 │   templateUrl: [32m'./compare.component.html'[37m,
         ╵                [32m~~~~~~~~~~~~~~~~~~~~~~~~~~[0m


[31m✘ [41;31m[[41;97mERROR[41;31m][0m [1mNG5002: Parser Error: Bindings cannot contain assignments at column 18 in [ b.stats.find(s => s.name === statName)?.baseStat ] in D:\repositories\pokedex\src\app\features\compare\compare.component.html@100:50[0m [1m[35m[plugin angular-compiler][0m

    src/app/features/compare/compare.component.html:101:50:
[37m      101 │ ...t__value">[32m{{ b.stats.find(s => s.name === statName)?.baseStat [37m...
          ╵              [32m~~~~~~~~~~~~~~~~~~~~~~~~~~~~~~~~~~~~~~~~~~~~~~~~~~~~[0m

  Error occurs in the template of component CompareComponent.

    src/app/features/compare/compare.component.ts:20:15:
[37m      20 │   templateUrl: [32m'./compare.component.html'[37m,
         ╵                [32m~~~~~~~~~~~~~~~~~~~~~~~~~~[0m


[31m✘ [41;31m[[41;97mERROR[41;31m][0m [1mTS2769: No overload matches this call.
  Overload 1 of 2, '(predicate: (value: PokemonStat, index: number, obj: PokemonStat[]) => value is PokemonStat, thisArg?: any): PokemonStat | undefined', gave the following error.
    Argument of type 'undefined' is not assignable to parameter of type '(value: PokemonStat, index: number, obj: PokemonStat[]) => value is PokemonStat'.
  Overload 2 of 2, '(predicate: (value: PokemonStat, index: number, obj: PokemonStat[]) => unknown, thisArg?: any): PokemonStat | undefined', gave the following error.
    Argument of type 'undefined' is not assignable to parameter of type '(value: PokemonStat, index: number, obj: PokemonStat[]) => unknown'.[0m [1m[35m[plugin angular-compiler][0m

    src/app/features/compare/compare.component.html:101:66:
[37m      101 │ ...ue">{{ b.stats.find([32ms => s.name === statName[37m)?.baseStat }}</span>
          ╵                        [32m~~~~~~~~~~~~~~~~~~~~~~~~[0m

  Error occurs in the template of component CompareComponent.

    src/app/features/compare/compare.component.ts:20:15:
[37m      20 │   templateUrl: [32m'./compare.component.html'[37m,
         ╵                [32m~~~~~~~~~~~~~~~~~~~~~~~~~~[0m

[39m[22m
[1m[31m[31m✘ [41;31m[[41;97mERROR[41;31m][0m [1mNG5002: Parser Error: Bindings cannot contain assignments at column 18 in [ b.stats.find(s => s.name === statName)?.baseStat ] in D:\repositories\pokedex\src\app\features\compare\compare.component.html@100:50[0m [1m[35m[plugin angular-compiler][0m

    src/app/features/compare/compare.component.html:101:50:
[37m      101 │ ...t__value">[32m{{ b.stats.find(s => s.name === statName)?.baseStat [37m...
          ╵              [32m~~~~~~~~~~~~~~~~~~~~~~~~~~~~~~~~~~~~~~~~~~~~~~~~~~~~[0m

  Error occurs in the template of component CompareComponent.

    src/app/features/compare/compare.component.ts:20:15:
[37m      20 │   templateUrl: [32m'./compare.component.html'[37m,
         ╵                [32m~~~~~~~~~~~~~~~~~~~~~~~~~~[0m


[31m✘ [41;31m[[41;97mERROR[41;31m][0m [1mTS2769: No overload matches this call.
  Overload 1 of 2, '(predicate: (value: PokemonStat, index: number, obj: PokemonStat[]) => value is PokemonStat, thisArg?: any): PokemonStat | undefined', gave the following error.
    Argument of type 'undefined' is not assignable to parameter of type '(value: PokemonStat, index: number, obj: PokemonStat[]) => value is PokemonStat'.
  Overload 2 of 2, '(predicate: (value: PokemonStat, index: number, obj: PokemonStat[]) => unknown, thisArg?: any): PokemonStat | undefined', gave the following error.
    Argument of type 'undefined' is not assignable to parameter of type '(value: PokemonStat, index: number, obj: PokemonStat[]) => unknown'.[0m [1m[35m[plugin angular-compiler][0m

    src/app/features/compare/compare.component.html:101:66:
[37m      101 │ ...ue">{{ b.stats.find([32ms => s.name === statName[37m)?.baseStat }}</span>
          ╵                        [32m~~~~~~~~~~~~~~~~~~~~~~~~[0m

  Error occurs in the template of component CompareComponent.

    src/app/features/compare/compare.component.ts:20:15:
[37m      20 │   templateUrl: [32m'./compare.component.html'[37m,
         ╵                [32m~~~~~~~~~~~~~~~~~~~~~~~~~~[0m

[39m[22m
