[33m❯[39m Building...
[32m✔[39m Building...
[1mInitial chunk files[22m[2m | [22m[1mNames[22m                   [2m | [22m [1mRaw size[22m
[32mmain.js[39m            [2m | [22m[2mmain[22m                    [2m | [22m [36m26.98 kB[39m[2m | [22m
[32mstyles.css[39m         [2m | [22m[2mstyles[22m                  [2m | [22m [36m11.82 kB[39m[2m | [22m
[32mchunk-LO5XJXNU.js[39m  [2m | [22m[2m-[22m                       [2m | [22m  [36m1.62 kB[39m[2m | [22m
[32mchunk-MPUO3YVB.js[39m  [2m | [22m[2m-[22m                       [2m | [22m  [36m1.18 kB[39m[2m | [22m
[32mchunk-NLNKVOOD.js[39m  [2m | [22m[2m-[22m                       [2m | [22m[36m868 bytes[39m[2m | [22m
[32mpolyfills.js[39m       [2m | [22m[2mpolyfills[22m               [2m | [22m [36m95 bytes[39m[2m | [22m

[1m [22m                  [2m | [22m[1mInitial total[22m           [2m | [22m [1m42.56 kB[22m

[1mLazy chunk files[22m   [2m | [22m[1mNames[22m                   [2m | [22m [1mRaw size[22m
[32mchunk-Y2HLSZGI.js[39m  [2m | [22m[2mpokemon-detail-component[22m[2m | [22m[36m131.35 kB[39m[2m | [22m
[32mchunk-IRPTEFKH.js[39m  [2m | [22m[2mpokemon-list-component[22m  [2m | [22m [36m51.36 kB[39m[2m | [22m
[32mchunk-NBM7S2JB.js[39m  [2m | [22m[2mcompare-component[22m       [2m | [22m [36m46.91 kB[39m[2m | [22m
[32mchunk-SOO3G7OQ.js[39m  [2m | [22m[2m-[22m                       [2m | [22m [36m15.50 kB[39m[2m | [22m
[32mchunk-4FQOAOVP.js[39m  [2m | [22m[2m-[22m                       [2m | [22m [36m12.22 kB[39m[2m | [22m
[32mchunk-NWTLX7WG.js[39m  [2m | [22m[2mfavorites-component[22m     [2m | [22m  [36m9.25 kB[39m[2m | [22m
[32mchunk-6PNVIBEG.js[39m  [2m | [22m[2m-[22m                       [2m | [22m  [36m3.30 kB[39m[2m | [22m
[32mchunk-FBLJEVRK.js[39m  [2m | [22m[2m-[22m                       [2m | [22m  [36m3.04 kB[39m[2m | [22m

Application bundle generation complete. [6.564 seconds] - 2026-07-21T17:31:06.151Z

Watch mode enabled. Watching for file changes...
NOTE: Raw file sizes do not reflect development server per-request transformations.
  [32m➜[39m  [1mLocal[22m:   [36mhttp://localhost:[1m4200[22m/[39m
[33m❯[39m Changes detected. Rebuilding...
[32m✔[39m Changes detected. Rebuilding...
[1mInitial chunk files[22m[2m | [22m[1mNames[22m                   [2m | [22m [1mRaw size[22m
[32mmain.js[39m            [2m | [22m[2mmain[22m                    [2m | [22m [36m26.98 kB[39m[2m | [22m

[1mLazy chunk files[22m   [2m | [22m[1mNames[22m                   [2m | [22m [1mRaw size[22m
[32mchunk-AFJ2G5HZ.js[39m  [2m | [22m[2mpokemon-detail-component[22m[2m | [22m[36m131.39 kB[39m[2m | [22m

Application bundle generation complete. [1.120 seconds] - 2026-07-21T20:12:38.000Z

Component update sent to client(s).
[33m❯[39m Changes detected. Rebuilding...
[32m✔[39m Changes detected. Rebuilding...
[1mInitial chunk files[22m[2m | [22m[1mNames[22m                   [2m | [22m [1mRaw size[22m
[32mmain.js[39m            [2m | [22m[2mmain[22m                    [2m | [22m [36m26.98 kB[39m[2m | [22m

[1mLazy chunk files[22m   [2m | [22m[1mNames[22m                   [2m | [22m [1mRaw size[22m
[32mchunk-KYMNJUUX.js[39m  [2m | [22m[2mpokemon-detail-component[22m[2m | [22m[36m131.38 kB[39m[2m | [22m

Application bundle generation complete. [0.631 seconds] - 2026-07-21T20:12:57.228Z

Component update sent to client(s).
[33m❯[39m Changes detected. Rebuilding...
[32m✔[39m Changes detected. Rebuilding...
[1mInitial chunk files[22m[2m | [22m[1mNames[22m                   [2m | [22m [1mRaw size[22m
[32mmain.js[39m            [2m | [22m[2mmain[22m                    [2m | [22m [36m26.98 kB[39m[2m | [22m

[1mLazy chunk files[22m   [2m | [22m[1mNames[22m                   [2m | [22m [1mRaw size[22m
[32mchunk-574H3QG5.js[39m  [2m | [22m[2mpokemon-detail-component[22m[2m | [22m[36m131.34 kB[39m[2m | [22m

Application bundle generation complete. [0.461 seconds] - 2026-07-21T20:13:35.408Z

Component update sent to client(s).
[33m❯[39m Changes detected. Rebuilding...
[32m✔[39m Changes detected. Rebuilding...
[1mInitial chunk files[22m[2m | [22m[1mNames[22m                   [2m | [22m [1mRaw size[22m
[32mmain.js[39m            [2m | [22m[2mmain[22m                    [2m | [22m [36m26.98 kB[39m[2m | [22m

[1mLazy chunk files[22m   [2m | [22m[1mNames[22m                   [2m | [22m [1mRaw size[22m
[32mchunk-M5TJMJT6.js[39m  [2m | [22m[2mpokemon-detail-component[22m[2m | [22m[36m131.32 kB[39m[2m | [22m

Application bundle generation complete. [0.578 seconds] - 2026-07-21T20:14:48.075Z

Component update sent to client(s).
[33m❯[39m Changes detected. Rebuilding...
[32m✔[39m Changes detected. Rebuilding...
[1mInitial chunk files[22m[2m | [22m[1mNames[22m                   [2m | [22m [1mRaw size[22m
[32mmain.js[39m            [2m | [22m[2mmain[22m                    [2m | [22m [36m26.98 kB[39m[2m | [22m

[1mLazy chunk files[22m   [2m | [22m[1mNames[22m                   [2m | [22m [1mRaw size[22m
[32mchunk-GXS42MRR.js[39m  [2m | [22m[2mpokemon-detail-component[22m[2m | [22m[36m131.32 kB[39m[2m | [22m

Application bundle generation complete. [0.498 seconds] - 2026-07-21T20:16:25.341Z

Component update sent to client(s).
[33m❯[39m Changes detected. Rebuilding...
[32m✔[39m Changes detected. Rebuilding...
[1mInitial chunk files[22m[2m | [22m[1mNames[22m                   [2m | [22m [1mRaw size[22m
[32mmain.js[39m            [2m | [22m[2mmain[22m                    [2m | [22m [36m26.98 kB[39m[2m | [22m

[1mLazy chunk files[22m   [2m | [22m[1mNames[22m                   [2m | [22m [1mRaw size[22m
[32mchunk-47MW2OCP.js[39m  [2m | [22m[2mpokemon-detail-component[22m[2m | [22m[36m131.32 kB[39m[2m | [22m

Application bundle generation complete. [0.424 seconds] - 2026-07-21T20:17:50.839Z

Page reload sent to client(s).
[33m❯[39m Changes detected. Rebuilding...
[32m✔[39m Changes detected. Rebuilding...
[1mInitial chunk files[22m[2m | [22m[1mNames[22m                 [2m | [22m[1mRaw size[22m
[32mmain.js[39m            [2m | [22m[2mmain[22m                  [2m | [22m[36m26.98 kB[39m[2m | [22m

[1mLazy chunk files[22m   [2m | [22m[1mNames[22m                 [2m | [22m[1mRaw size[22m
[32mchunk-HCPI5AB3.js[39m  [2m | [22m[2mpokemon-list-component[22m[2m | [22m[36m51.38 kB[39m[2m | [22m

Application bundle generation complete. [0.431 seconds] - 2026-07-21T20:21:58.807Z

Page reload sent to client(s).
[33m❯[39m Changes detected. Rebuilding...
[32m✔[39m Changes detected. Rebuilding...
[1mInitial chunk files[22m[2m | [22m[1mNames[22m                   [2m | [22m [1mRaw size[22m
[32mmain.js[39m            [2m | [22m[2mmain[22m                    [2m | [22m [36m26.98 kB[39m[2m | [22m

[1mLazy chunk files[22m   [2m | [22m[1mNames[22m                   [2m | [22m [1mRaw size[22m
[32mchunk-PYZ433X4.js[39m  [2m | [22m[2mpokemon-detail-component[22m[2m | [22m[36m131.32 kB[39m[2m | [22m
[32mchunk-MCRMGJZA.js[39m  [2m | [22m[2mpokemon-list-component[22m  [2m | [22m [36m51.38 kB[39m[2m | [22m
[32mchunk-Y7XL5PMW.js[39m  [2m | [22m[2mcompare-component[22m       [2m | [22m [36m46.91 kB[39m[2m | [22m
[32mchunk-AB3VRA3L.js[39m  [2m | [22m[2m-[22m                       [2m | [22m [36m15.45 kB[39m[2m | [22m
[32mchunk-6Y4I5JSK.js[39m  [2m | [22m[2m-[22m                       [2m | [22m [36m12.22 kB[39m[2m | [22m
[32mchunk-SAAIMRES.js[39m  [2m | [22m[2mfavorites-component[22m     [2m | [22m  [36m9.25 kB[39m[2m | [22m

Application bundle generation complete. [0.180 seconds] - 2026-07-21T20:25:25.085Z

Page reload sent to client(s).
[33m❯[39m Changes detected. Rebuilding...
[32m✔[39m Changes detected. Rebuilding...
[1mInitial chunk files[22m[2m | [22m[1mNames[22m                   [2m | [22m [1mRaw size[22m
[32mmain.js[39m            [2m | [22m[2mmain[22m                    [2m | [22m [36m26.98 kB[39m[2m | [22m

[1mLazy chunk files[22m   [2m | [22m[1mNames[22m                   [2m | [22m [1mRaw size[22m
[32mchunk-ORW62RJD.js[39m  [2m | [22m[2mpokemon-detail-component[22m[2m | [22m[36m131.70 kB[39m[2m | [22m

Application bundle generation complete. [0.516 seconds] - 2026-07-21T20:26:20.343Z

Component update sent to client(s).
[33m❯[39m Changes detected. Rebuilding...
[32m✔[39m Changes detected. Rebuilding...
Application bundle generation failed. [0.516 seconds] - 2026-07-21T20:26:37.241Z

[33m❯[39m Changes detected. Rebuilding...
[32m✔[39m Changes detected. Rebuilding...
Application bundle generation failed. [0.426 seconds] - 2026-07-21T20:26:45.255Z

[33m❯[39m Changes detected. Rebuilding...
[32m✔[39m Changes detected. Rebuilding...
Application bundle generation failed. [0.403 seconds] - 2026-07-21T20:26:48.491Z

[33m❯[39m Changes detected. Rebuilding...
[32m✔[39m Changes detected. Rebuilding...
[1mInitial chunk files[22m[2m | [22m[1mNames[22m                   [2m | [22m [1mRaw size[22m
[32mmain.js[39m            [2m | [22m[2mmain[22m                    [2m | [22m [36m26.98 kB[39m[2m | [22m
[32mstyles.css[39m         [2m | [22m[2mstyles[22m                  [2m | [22m [36m11.82 kB[39m[2m | [22m
[32mchunk-LO5XJXNU.js[39m  [2m | [22m[2m-[22m                       [2m | [22m  [36m1.62 kB[39m[2m | [22m
[32mchunk-MPUO3YVB.js[39m  [2m | [22m[2m-[22m                       [2m | [22m  [36m1.18 kB[39m[2m | [22m
[32mchunk-NLNKVOOD.js[39m  [2m | [22m[2m-[22m                       [2m | [22m[36m868 bytes[39m[2m | [22m
[32mpolyfills.js[39m       [2m | [22m[2mpolyfills[22m               [2m | [22m [36m95 bytes[39m[2m | [22m

[1m [22m                  [2m | [22m[1mInitial total[22m           [2m | [22m [1m42.56 kB[22m

[1mLazy chunk files[22m   [2m | [22m[1mNames[22m                   [2m | [22m [1mRaw size[22m
[32mchunk-QHQCNFGC.js[39m  [2m | [22m[2mpokemon-detail-component[22m[2m | [22m[36m135.00 kB[39m[2m | [22m
[32mchunk-MCRMGJZA.js[39m  [2m | [22m[2mpokemon-list-component[22m  [2m | [22m [36m51.38 kB[39m[2m | [22m
[32mchunk-Y7XL5PMW.js[39m  [2m | [22m[2mcompare-component[22m       [2m | [22m [36m46.91 kB[39m[2m | [22m
[32mchunk-AB3VRA3L.js[39m  [2m | [22m[2m-[22m                       [2m | [22m [36m15.45 kB[39m[2m | [22m
[32mchunk-6Y4I5JSK.js[39m  [2m | [22m[2m-[22m                       [2m | [22m [36m12.22 kB[39m[2m | [22m
[32mchunk-SAAIMRES.js[39m  [2m | [22m[2mfavorites-component[22m     [2m | [22m  [36m9.25 kB[39m[2m | [22m
[32mchunk-6PNVIBEG.js[39m  [2m | [22m[2m-[22m                       [2m | [22m  [36m3.30 kB[39m[2m | [22m
[32mchunk-FBLJEVRK.js[39m  [2m | [22m[2m-[22m                       [2m | [22m  [36m3.04 kB[39m[2m | [22m

Application bundle generation complete. [0.440 seconds] - 2026-07-21T20:28:12.380Z

Page reload sent to client(s).
[33m❯[39m Changes detected. Rebuilding...
[32m✔[39m Changes detected. Rebuilding...
[1mInitial chunk files[22m[2m | [22m[1mNames[22m                   [2m | [22m [1mRaw size[22m
[32mmain.js[39m            [2m | [22m[2mmain[22m                    [2m | [22m [36m26.98 kB[39m[2m | [22m

[1mLazy chunk files[22m   [2m | [22m[1mNames[22m                   [2m | [22m [1mRaw size[22m
[32mchunk-G2MPYTUU.js[39m  [2m | [22m[2mpokemon-detail-component[22m[2m | [22m[36m133.84 kB[39m[2m | [22m

Application bundle generation complete. [0.550 seconds] - 2026-07-21T20:29:02.476Z

Component update sent to client(s).
[33m❯[39m Changes detected. Rebuilding...
[32m✔[39m Changes detected. Rebuilding...
[1mInitial chunk files[22m[2m | [22m[1mNames[22m                   [2m | [22m [1mRaw size[22m
[32mmain.js[39m            [2m | [22m[2mmain[22m                    [2m | [22m [36m26.98 kB[39m[2m | [22m

[1mLazy chunk files[22m   [2m | [22m[1mNames[22m                   [2m | [22m [1mRaw size[22m
[32mchunk-Z3EQGVFW.js[39m  [2m | [22m[2mpokemon-detail-component[22m[2m | [22m[36m133.85 kB[39m[2m | [22m

Application bundle generation complete. [0.687 seconds] - 2026-07-21T20:30:10.376Z

Component update sent to client(s).
[33m❯[39m Changes detected. Rebuilding...
[32m✔[39m Changes detected. Rebuilding...
[1mInitial chunk files[22m[2m | [22m[1mNames[22m                   [2m | [22m [1mRaw size[22m
[32mmain.js[39m            [2m | [22m[2mmain[22m                    [2m | [22m [36m26.98 kB[39m[2m | [22m

[1mLazy chunk files[22m   [2m | [22m[1mNames[22m                   [2m | [22m [1mRaw size[22m
[32mchunk-GGRZGSLW.js[39m  [2m | [22m[2mpokemon-detail-component[22m[2m | [22m[36m133.83 kB[39m[2m | [22m

Application bundle generation complete. [0.541 seconds] - 2026-07-21T20:32:26.153Z

Component update sent to client(s).
[33m❯[39m Changes detected. Rebuilding...
[32m✔[39m Changes detected. Rebuilding...
[1mInitial chunk files[22m[2m | [22m[1mNames[22m                   [2m | [22m [1mRaw size[22m
[32mmain.js[39m            [2m | [22m[2mmain[22m                    [2m | [22m [36m26.98 kB[39m[2m | [22m

[1mLazy chunk files[22m   [2m | [22m[1mNames[22m                   [2m | [22m [1mRaw size[22m
[32mchunk-6PS2NN5A.js[39m  [2m | [22m[2mpokemon-detail-component[22m[2m | [22m[36m133.30 kB[39m[2m | [22m

Application bundle generation complete. [0.547 seconds] - 2026-07-21T20:34:23.051Z

Component update sent to client(s).
[33m❯[39m Changes detected. Rebuilding...
[32m✔[39m Changes detected. Rebuilding...
[1mInitial chunk files[22m[2m | [22m[1mNames[22m                   [2m | [22m [1mRaw size[22m
[32mmain.js[39m            [2m | [22m[2mmain[22m                    [2m | [22m [36m26.98 kB[39m[2m | [22m

[1mLazy chunk files[22m   [2m | [22m[1mNames[22m                   [2m | [22m [1mRaw size[22m
[32mchunk-CLBRAAVZ.js[39m  [2m | [22m[2mpokemon-detail-component[22m[2m | [22m[36m133.43 kB[39m[2m | [22m

Application bundle generation complete. [0.476 seconds] - 2026-07-21T20:34:26.199Z

Component update sent to client(s).
[33m❯[39m Changes detected. Rebuilding...
[32m✔[39m Changes detected. Rebuilding...
[1mInitial chunk files[22m[2m | [22m[1mNames[22m                   [2m | [22m [1mRaw size[22m
[32mmain.js[39m            [2m | [22m[2mmain[22m                    [2m | [22m [36m26.98 kB[39m[2m | [22m

[1mLazy chunk files[22m   [2m | [22m[1mNames[22m                   [2m | [22m [1mRaw size[22m
[32mchunk-BQC6AL2R.js[39m  [2m | [22m[2mpokemon-detail-component[22m[2m | [22m[36m133.43 kB[39m[2m | [22m

Application bundle generation complete. [0.468 seconds] - 2026-07-21T20:37:09.053Z

Component update sent to client(s).
[33m❯[39m Changes detected. Rebuilding...
[32m✔[39m Changes detected. Rebuilding...
[1mInitial chunk files[22m[2m | [22m[1mNames[22m                   [2m | [22m [1mRaw size[22m
[32mmain.js[39m            [2m | [22m[2mmain[22m                    [2m | [22m [36m26.98 kB[39m[2m | [22m

[1mLazy chunk files[22m   [2m | [22m[1mNames[22m                   [2m | [22m [1mRaw size[22m
[32mchunk-O44ZBVWD.js[39m  [2m | [22m[2mpokemon-detail-component[22m[2m | [22m[36m133.56 kB[39m[2m | [22m

Application bundle generation complete. [0.441 seconds] - 2026-07-21T20:38:38.139Z

Component update sent to client(s).
[33m❯[39m Changes detected. Rebuilding...
[32m✔[39m Changes detected. Rebuilding...
[1mInitial chunk files[22m[2m | [22m[1mNames[22m                   [2m | [22m [1mRaw size[22m
[32mmain.js[39m            [2m | [22m[2mmain[22m                    [2m | [22m [36m26.98 kB[39m[2m | [22m

[1mLazy chunk files[22m   [2m | [22m[1mNames[22m                   [2m | [22m [1mRaw size[22m
[32mchunk-VB5QLAWN.js[39m  [2m | [22m[2mpokemon-detail-component[22m[2m | [22m[36m133.69 kB[39m[2m | [22m

Application bundle generation complete. [0.428 seconds] - 2026-07-21T20:38:41.306Z

Component update sent to client(s).
[33m❯[39m Changes detected. Rebuilding...
[32m✔[39m Changes detected. Rebuilding...
[1mInitial chunk files[22m[2m | [22m[1mNames[22m                   [2m | [22m [1mRaw size[22m
[32mmain.js[39m            [2m | [22m[2mmain[22m                    [2m | [22m [36m26.98 kB[39m[2m | [22m

[1mLazy chunk files[22m   [2m | [22m[1mNames[22m                   [2m | [22m [1mRaw size[22m
[32mchunk-IJ64WET2.js[39m  [2m | [22m[2mpokemon-detail-component[22m[2m | [22m[36m133.82 kB[39m[2m | [22m

Application bundle generation complete. [0.435 seconds] - 2026-07-21T20:38:44.342Z

Component update sent to client(s).
[33m❯[39m Changes detected. Rebuilding...
[32m✔[39m Changes detected. Rebuilding...
[1mInitial chunk files[22m[2m | [22m[1mNames[22m                   [2m | [22m [1mRaw size[22m
[32mmain.js[39m            [2m | [22m[2mmain[22m                    [2m | [22m [36m26.98 kB[39m[2m | [22m

[1mLazy chunk files[22m   [2m | [22m[1mNames[22m                   [2m | [22m [1mRaw size[22m
[32mchunk-BQW6LO3K.js[39m  [2m | [22m[2mpokemon-detail-component[22m[2m | [22m[36m132.36 kB[39m[2m | [22m

Application bundle generation complete. [0.407 seconds] - 2026-07-21T20:38:48.921Z

Component update sent to client(s).
[33m❯[39m Changes detected. Rebuilding...
[32m✔[39m Changes detected. Rebuilding...
[1mInitial chunk files[22m[2m | [22m[1mNames[22m                   [2m | [22m [1mRaw size[22m
[32mmain.js[39m            [2m | [22m[2mmain[22m                    [2m | [22m [36m26.98 kB[39m[2m | [22m

[1mLazy chunk files[22m   [2m | [22m[1mNames[22m                   [2m | [22m [1mRaw size[22m
[32mchunk-2FGEUHA6.js[39m  [2m | [22m[2mpokemon-detail-component[22m[2m | [22m[36m132.35 kB[39m[2m | [22m

Application bundle generation complete. [0.508 seconds] - 2026-07-21T20:39:23.421Z

Component update sent to client(s).
[33m❯[39m Changes detected. Rebuilding...
[32m✔[39m Changes detected. Rebuilding...
[1mInitial chunk files[22m[2m | [22m[1mNames[22m                   [2m | [22m [1mRaw size[22m
[32mmain.js[39m            [2m | [22m[2mmain[22m                    [2m | [22m [36m26.98 kB[39m[2m | [22m

[1mLazy chunk files[22m   [2m | [22m[1mNames[22m                   [2m | [22m [1mRaw size[22m
[32mchunk-A45OHYCL.js[39m  [2m | [22m[2mpokemon-detail-component[22m[2m | [22m[36m132.34 kB[39m[2m | [22m

Application bundle generation complete. [0.409 seconds] - 2026-07-21T20:41:05.127Z

Component update sent to client(s).
[33m❯[39m Changes detected. Rebuilding...
[32m✔[39m Changes detected. Rebuilding...
Application bundle generation failed. [1.588 seconds] - 2026-07-21T20:42:21.476Z

[33m❯[39m Changes detected. Rebuilding...
[32m✔[39m Changes detected. Rebuilding...
Application bundle generation failed. [0.695 seconds] - 2026-07-21T20:42:22.178Z

[33m❯[39m Changes detected. Rebuilding...
[32m✔[39m Changes detected. Rebuilding...
[1mInitial chunk files[22m[2m | [22m[1mNames[22m                   [2m | [22m [1mRaw size[22m
[32mmain.js[39m            [2m | [22m[2mmain[22m                    [2m | [22m [36m27.57 kB[39m[2m | [22m
[32mstyles.css[39m         [2m | [22m[2mstyles[22m                  [2m | [22m [36m12.06 kB[39m[2m | [22m
[32mchunk-LO5XJXNU.js[39m  [2m | [22m[2m-[22m                       [2m | [22m  [36m1.62 kB[39m[2m | [22m
[32mchunk-MPUO3YVB.js[39m  [2m | [22m[2m-[22m                       [2m | [22m  [36m1.18 kB[39m[2m | [22m
[32mchunk-NLNKVOOD.js[39m  [2m | [22m[2m-[22m                       [2m | [22m[36m868 bytes[39m[2m | [22m
[32mpolyfills.js[39m       [2m | [22m[2mpolyfills[22m               [2m | [22m [36m95 bytes[39m[2m | [22m

[1m [22m                  [2m | [22m[1mInitial total[22m           [2m | [22m [1m43.39 kB[22m

[1mLazy chunk files[22m   [2m | [22m[1mNames[22m                   [2m | [22m [1mRaw size[22m
[32mchunk-VFJYEC76.js[39m  [2m | [22m[2mpokemon-detail-component[22m[2m | [22m[36m133.06 kB[39m[2m | [22m
[32mchunk-VZTNCNSL.js[39m  [2m | [22m[2mpokemon-list-component[22m  [2m | [22m [36m49.77 kB[39m[2m | [22m
[32mchunk-MK3ANGIP.js[39m  [2m | [22m[2mcompare-component[22m       [2m | [22m [36m46.91 kB[39m[2m | [22m
[32mchunk-HJ632WDN.js[39m  [2m | [22m[2m-[22m                       [2m | [22m [36m21.80 kB[39m[2m | [22m
[32mchunk-DZJOZF5S.js[39m  [2m | [22m[2m-[22m                       [2m | [22m [36m12.22 kB[39m[2m | [22m
[32mchunk-XU4A4PQJ.js[39m  [2m | [22m[2mfavorites-component[22m     [2m | [22m  [36m9.25 kB[39m[2m | [22m
[32mchunk-6PNVIBEG.js[39m  [2m | [22m[2m-[22m                       [2m | [22m  [36m3.30 kB[39m[2m | [22m
[32mchunk-UZAWVWNT.js[39m  [2m | [22m[2m-[22m                       [2m | [22m[36m810 bytes[39m[2m | [22m

Application bundle generation complete. [0.162 seconds] - 2026-07-21T20:42:27.213Z

Page reload sent to client(s).
[33m❯[39m Changes detected. Rebuilding...
[32m✔[39m Changes detected. Rebuilding...
[1mInitial chunk files[22m[2m | [22m[1mNames[22m                   [2m | [22m [1mRaw size[22m
[32mmain.js[39m            [2m | [22m[2mmain[22m                    [2m | [22m [36m27.57 kB[39m[2m | [22m

[1mLazy chunk files[22m   [2m | [22m[1mNames[22m                   [2m | [22m [1mRaw size[22m
[32mchunk-73NNFQSJ.js[39m  [2m | [22m[2mpokemon-detail-component[22m[2m | [22m[36m133.04 kB[39m[2m | [22m

Application bundle generation complete. [0.552 seconds] - 2026-07-21T20:43:16.684Z

Component update sent to client(s).
[33m❯[39m Changes detected. Rebuilding...
[32m✔[39m Changes detected. Rebuilding...
[1mInitial chunk files[22m[2m | [22m[1mNames[22m                   [2m | [22m [1mRaw size[22m
[32mmain.js[39m            [2m | [22m[2mmain[22m                    [2m | [22m [36m27.57 kB[39m[2m | [22m

[1mLazy chunk files[22m   [2m | [22m[1mNames[22m                   [2m | [22m [1mRaw size[22m
[32mchunk-KTYL5YPS.js[39m  [2m | [22m[2mpokemon-detail-component[22m[2m | [22m[36m133.19 kB[39m[2m | [22m

Application bundle generation complete. [0.522 seconds] - 2026-07-21T20:43:20.741Z

Component update sent to client(s).
[33m❯[39m Changes detected. Rebuilding...
[32m✔[39m Changes detected. Rebuilding...
[1mInitial chunk files[22m[2m | [22m[1mNames[22m                   [2m | [22m [1mRaw size[22m
[32mmain.js[39m            [2m | [22m[2mmain[22m                    [2m | [22m [36m27.57 kB[39m[2m | [22m

[1mLazy chunk files[22m   [2m | [22m[1mNames[22m                   [2m | [22m [1mRaw size[22m
[32mchunk-H6TVOLTR.js[39m  [2m | [22m[2mpokemon-detail-component[22m[2m | [22m[36m133.94 kB[39m[2m | [22m

Application bundle generation complete. [0.552 seconds] - 2026-07-21T20:45:57.011Z

Component update sent to client(s).
[33m❯[39m Changes detected. Rebuilding...
[32m✔[39m Changes detected. Rebuilding...
[1mInitial chunk files[22m[2m | [22m[1mNames[22m                   [2m | [22m [1mRaw size[22m
[32mmain.js[39m            [2m | [22m[2mmain[22m                    [2m | [22m [36m27.57 kB[39m[2m | [22m

[1mLazy chunk files[22m   [2m | [22m[1mNames[22m                   [2m | [22m [1mRaw size[22m
[32mchunk-ECEJGD5P.js[39m  [2m | [22m[2mpokemon-detail-component[22m[2m | [22m[36m134.28 kB[39m[2m | [22m

Application bundle generation complete. [0.550 seconds] - 2026-07-21T20:46:16.261Z

Component update sent to client(s).
[33m❯[39m Changes detected. Rebuilding...
[32m✔[39m Changes detected. Rebuilding...
[1mInitial chunk files[22m[2m | [22m[1mNames[22m                   [2m | [22m [1mRaw size[22m
[32mmain.js[39m            [2m | [22m[2mmain[22m                    [2m | [22m [36m27.60 kB[39m[2m | [22m
[32mchunk-VUJOFXKG.js[39m  [2m | [22m[2m-[22m                       [2m | [22m[36m938 bytes[39m[2m | [22m

[1mLazy chunk files[22m   [2m | [22m[1mNames[22m                   [2m | [22m [1mRaw size[22m
[32mchunk-YPEXZ3LW.js[39m  [2m | [22m[2mpokemon-detail-component[22m[2m | [22m[36m135.63 kB[39m[2m | [22m
[32mchunk-XW3IB4JP.js[39m  [2m | [22m[2mpokemon-list-component[22m  [2m | [22m [36m49.80 kB[39m[2m | [22m
[32mchunk-24BQ2STD.js[39m  [2m | [22m[2mcompare-component[22m       [2m | [22m [36m46.94 kB[39m[2m | [22m
[32mchunk-2GXNRW7V.js[39m  [2m | [22m[2mfavorites-component[22m     [2m | [22m  [36m9.28 kB[39m[2m | [22m

Application bundle generation complete. [0.429 seconds] - 2026-07-21T20:47:32.514Z

Page reload sent to client(s).
[33m❯[39m Changes detected. Rebuilding...
[32m✔[39m Changes detected. Rebuilding...
[1mInitial chunk files[22m[2m | [22m[1mNames[22m                   [2m | [22m [1mRaw size[22m
[32mmain.js[39m            [2m | [22m[2mmain[22m                    [2m | [22m [36m27.60 kB[39m[2m | [22m

[1mLazy chunk files[22m   [2m | [22m[1mNames[22m                   [2m | [22m [1mRaw size[22m
[32mchunk-NNDTRXFW.js[39m  [2m | [22m[2mpokemon-detail-component[22m[2m | [22m[36m141.35 kB[39m[2m | [22m

Application bundle generation complete. [0.436 seconds] - 2026-07-21T20:47:42.564Z

Component update sent to client(s).
[33m❯[39m Changes detected. Rebuilding...
[32m✔[39m Changes detected. Rebuilding...
[1mInitial chunk files[22m[2m | [22m[1mNames[22m                   [2m | [22m [1mRaw size[22m
[32mmain.js[39m            [2m | [22m[2mmain[22m                    [2m | [22m [36m27.60 kB[39m[2m | [22m

[1mLazy chunk files[22m   [2m | [22m[1mNames[22m                   [2m | [22m [1mRaw size[22m
[32mchunk-VTEEN3UY.js[39m  [2m | [22m[2mpokemon-detail-component[22m[2m | [22m[36m144.86 kB[39m[2m | [22m

Application bundle generation complete. [0.523 seconds] - 2026-07-21T20:48:10.497Z

Component update sent to client(s).
[33m❯[39m Changes detected. Rebuilding...
[32m✔[39m Changes detected. Rebuilding...
[1mInitial chunk files[22m[2m | [22m[1mNames[22m                   [2m | [22m [1mRaw size[22m
[32mmain.js[39m            [2m | [22m[2mmain[22m                    [2m | [22m [36m27.60 kB[39m[2m | [22m

[1mLazy chunk files[22m   [2m | [22m[1mNames[22m                   [2m | [22m [1mRaw size[22m
[32mchunk-R5NUWSEP.js[39m  [2m | [22m[2mpokemon-detail-component[22m[2m | [22m[36m145.81 kB[39m[2m | [22m

Application bundle generation complete. [0.513 seconds] - 2026-07-21T20:51:24.193Z

Page reload sent to client(s).
[33m❯[39m Changes detected. Rebuilding...
[32m✔[39m Changes detected. Rebuilding...
[1mInitial chunk files[22m[2m | [22m[1mNames[22m                   [2m | [22m [1mRaw size[22m
[32mmain.js[39m            [2m | [22m[2mmain[22m                    [2m | [22m [36m27.60 kB[39m[2m | [22m

[1mLazy chunk files[22m   [2m | [22m[1mNames[22m                   [2m | [22m [1mRaw size[22m
[32mchunk-XQBF3UYG.js[39m  [2m | [22m[2mpokemon-detail-component[22m[2m | [22m[36m147.38 kB[39m[2m | [22m

Application bundle generation complete. [0.529 seconds] - 2026-07-21T20:51:40.889Z

Component update sent to client(s).
[33m❯[39m Changes detected. Rebuilding...
[32m✔[39m Changes detected. Rebuilding...
[1mInitial chunk files[22m[2m | [22m[1mNames[22m                   [2m | [22m [1mRaw size[22m
[32mmain.js[39m            [2m | [22m[2mmain[22m                    [2m | [22m [36m27.60 kB[39m[2m | [22m

[1mLazy chunk files[22m   [2m | [22m[1mNames[22m                   [2m | [22m [1mRaw size[22m
[32mchunk-ETGVVLAZ.js[39m  [2m | [22m[2mpokemon-detail-component[22m[2m | [22m[36m148.93 kB[39m[2m | [22m

Application bundle generation complete. [0.599 seconds] - 2026-07-21T20:51:54.322Z

Component update sent to client(s).
[33m❯[39m Changes detected. Rebuilding...
[32m✔[39m Changes detected. Rebuilding...
[1mInitial chunk files[22m[2m | [22m[1mNames[22m                   [2m | [22m [1mRaw size[22m
[32mmain.js[39m            [2m | [22m[2mmain[22m                    [2m | [22m [36m27.60 kB[39m[2m | [22m

[1mLazy chunk files[22m   [2m | [22m[1mNames[22m                   [2m | [22m [1mRaw size[22m
[32mchunk-HXFFCAZE.js[39m  [2m | [22m[2mpokemon-detail-component[22m[2m | [22m[36m148.92 kB[39m[2m | [22m

Application bundle generation complete. [0.516 seconds] - 2026-07-21T20:55:54.362Z

Component update sent to client(s).
[33m❯[39m Changes detected. Rebuilding...
[32m✔[39m Changes detected. Rebuilding...
[1mInitial chunk files[22m[2m | [22m[1mNames[22m                   [2m | [22m [1mRaw size[22m
[32mmain.js[39m            [2m | [22m[2mmain[22m                    [2m | [22m [36m27.60 kB[39m[2m | [22m

[1mLazy chunk files[22m   [2m | [22m[1mNames[22m                   [2m | [22m [1mRaw size[22m
[32mchunk-CVMAFJOS.js[39m  [2m | [22m[2mpokemon-detail-component[22m[2m | [22m[36m148.84 kB[39m[2m | [22m

Application bundle generation complete. [0.710 seconds] - 2026-07-21T20:56:17.124Z

Component update sent to client(s).
[33m❯[39m Changes detected. Rebuilding...
[32m✔[39m Changes detected. Rebuilding...
[1mInitial chunk files[22m[2m | [22m[1mNames[22m                   [2m | [22m [1mRaw size[22m
[32mmain.js[39m            [2m | [22m[2mmain[22m                    [2m | [22m [36m27.60 kB[39m[2m | [22m

[1mLazy chunk files[22m   [2m | [22m[1mNames[22m                   [2m | [22m [1mRaw size[22m
[32mchunk-DUXWT7DZ.js[39m  [2m | [22m[2mpokemon-detail-component[22m[2m | [22m[36m148.97 kB[39m[2m | [22m

Application bundle generation complete. [0.662 seconds] - 2026-07-21T21:14:18.517Z

Component update sent to client(s).
[33m❯[39m Changes detected. Rebuilding...
[32m✔[39m Changes detected. Rebuilding...
[1mInitial chunk files[22m[2m | [22m[1mNames[22m                   [2m | [22m [1mRaw size[22m
[32mmain.js[39m            [2m | [22m[2mmain[22m                    [2m | [22m [36m27.60 kB[39m[2m | [22m

[1mLazy chunk files[22m   [2m | [22m[1mNames[22m                   [2m | [22m [1mRaw size[22m
[32mchunk-FNI7BI2Y.js[39m  [2m | [22m[2mpokemon-detail-component[22m[2m | [22m[36m148.84 kB[39m[2m | [22m

Application bundle generation complete. [0.453 seconds] - 2026-07-21T21:14:30.856Z

Component update sent to client(s).
[33m❯[39m Changes detected. Rebuilding...
[32m✔[39m Changes detected. Rebuilding...
[1mInitial chunk files[22m[2m | [22m[1mNames[22m                   [2m | [22m [1mRaw size[22m
[32mmain.js[39m            [2m | [22m[2mmain[22m                    [2m | [22m [36m27.60 kB[39m[2m | [22m

[1mLazy chunk files[22m   [2m | [22m[1mNames[22m                   [2m | [22m [1mRaw size[22m
[32mchunk-EZEFKBHU.js[39m  [2m | [22m[2mpokemon-detail-component[22m[2m | [22m[36m148.70 kB[39m[2m | [22m

Application bundle generation complete. [0.473 seconds] - 2026-07-21T21:14:33.839Z

Component update sent to client(s).
[33m❯[39m Changes detected. Rebuilding...
[32m✔[39m Changes detected. Rebuilding...
[1mInitial chunk files[22m[2m | [22m[1mNames[22m                   [2m | [22m [1mRaw size[22m
[32mmain.js[39m            [2m | [22m[2mmain[22m                    [2m | [22m [36m27.60 kB[39m[2m | [22m

[1mLazy chunk files[22m   [2m | [22m[1mNames[22m                   [2m | [22m [1mRaw size[22m
[32mchunk-DCFF3JDN.js[39m  [2m | [22m[2mpokemon-detail-component[22m[2m | [22m[36m148.57 kB[39m[2m | [22m

Application bundle generation complete. [0.462 seconds] - 2026-07-21T21:14:37.327Z

Component update sent to client(s).
[33m❯[39m Changes detected. Rebuilding...
[32m✔[39m Changes detected. Rebuilding...
[1mInitial chunk files[22m[2m | [22m[1mNames[22m                   [2m | [22m [1mRaw size[22m
[32mmain.js[39m            [2m | [22m[2mmain[22m                    [2m | [22m [36m27.60 kB[39m[2m | [22m

[1mLazy chunk files[22m   [2m | [22m[1mNames[22m                   [2m | [22m [1mRaw size[22m
[32mchunk-XCBDNVJY.js[39m  [2m | [22m[2mpokemon-detail-component[22m[2m | [22m[36m148.44 kB[39m[2m | [22m

Application bundle generation complete. [0.464 seconds] - 2026-07-21T21:14:48.546Z

Component update sent to client(s).
[33m❯[39m Changes detected. Rebuilding...
[32m✔[39m Changes detected. Rebuilding...
[1mInitial chunk files[22m[2m | [22m[1mNames[22m                   [2m | [22m [1mRaw size[22m
[32mmain.js[39m            [2m | [22m[2mmain[22m                    [2m | [22m [36m27.60 kB[39m[2m | [22m

[1mLazy chunk files[22m   [2m | [22m[1mNames[22m                   [2m | [22m [1mRaw size[22m
[32mchunk-NLFT4JRY.js[39m  [2m | [22m[2mpokemon-detail-component[22m[2m | [22m[36m148.56 kB[39m[2m | [22m

Application bundle generation complete. [0.557 seconds] - 2026-07-21T21:15:41.398Z

Component update sent to client(s).
[33m❯[39m Changes detected. Rebuilding...
[32m✔[39m Changes detected. Rebuilding...
Application bundle generation failed. [0.286 seconds] - 2026-07-21T21:25:19.958Z

[33m❯[39m Changes detected. Rebuilding...
[32m✔[39m Changes detected. Rebuilding...
Application bundle generation failed. [0.166 seconds] - 2026-07-21T21:25:32.811Z

[33m❯[39m Changes detected. Rebuilding...
[32m✔[39m Changes detected. Rebuilding...
Application bundle generation failed. [0.221 seconds] - 2026-07-21T21:25:46.450Z

[33m❯[39m Changes detected. Rebuilding...
[32m✔[39m Changes detected. Rebuilding...
Application bundle generation failed. [0.182 seconds] - 2026-07-21T21:26:05.084Z

[33m❯[39m Changes detected. Rebuilding...
[32m✔[39m Changes detected. Rebuilding...
Application bundle generation failed. [0.149 seconds] - 2026-07-21T21:26:20.441Z

[33m❯[39m Changes detected. Rebuilding...
[32m✔[39m Changes detected. Rebuilding...
[1mInitial chunk files[22m[2m | [22m[1mNames[22m                   [2m | [22m [1mRaw size[22m
[32mmain.js[39m            [2m | [22m[2mmain[22m                    [2m | [22m [36m27.60 kB[39m[2m | [22m
[32mstyles.css[39m         [2m | [22m[2mstyles[22m                  [2m | [22m [36m12.06 kB[39m[2m | [22m
[32mchunk-LO5XJXNU.js[39m  [2m | [22m[2m-[22m                       [2m | [22m  [36m1.62 kB[39m[2m | [22m
[32mchunk-MPUO3YVB.js[39m  [2m | [22m[2m-[22m                       [2m | [22m  [36m1.18 kB[39m[2m | [22m
[32mchunk-VUJOFXKG.js[39m  [2m | [22m[2m-[22m                       [2m | [22m[36m938 bytes[39m[2m | [22m
[32mchunk-NLNKVOOD.js[39m  [2m | [22m[2m-[22m                       [2m | [22m[36m868 bytes[39m[2m | [22m
[32mpolyfills.js[39m       [2m | [22m[2mpolyfills[22m               [2m | [22m [36m95 bytes[39m[2m | [22m

[1m [22m                  [2m | [22m[1mInitial total[22m           [2m | [22m [1m44.36 kB[22m

[1mLazy chunk files[22m   [2m | [22m[1mNames[22m                   [2m | [22m [1mRaw size[22m
[32mchunk-NLFT4JRY.js[39m  [2m | [22m[2mpokemon-detail-component[22m[2m | [22m[36m148.56 kB[39m[2m | [22m
[32mchunk-XW3IB4JP.js[39m  [2m | [22m[2mpokemon-list-component[22m  [2m | [22m [36m49.80 kB[39m[2m | [22m
[32mchunk-3HWB2IR3.js[39m  [2m | [22m[2mcompare-component[22m       [2m | [22m [36m43.43 kB[39m[2m | [22m
[32mchunk-HJ632WDN.js[39m  [2m | [22m[2m-[22m                       [2m | [22m [36m21.80 kB[39m[2m | [22m
[32mchunk-DZJOZF5S.js[39m  [2m | [22m[2m-[22m                       [2m | [22m [36m12.22 kB[39m[2m | [22m
[32mchunk-2GXNRW7V.js[39m  [2m | [22m[2mfavorites-component[22m     [2m | [22m  [36m9.28 kB[39m[2m | [22m
[32mchunk-6PNVIBEG.js[39m  [2m | [22m[2m-[22m                       [2m | [22m  [36m3.30 kB[39m[2m | [22m
[32mchunk-UZAWVWNT.js[39m  [2m | [22m[2m-[22m                       [2m | [22m[36m810 bytes[39m[2m | [22m

Application bundle generation complete. [0.228 seconds] - 2026-07-21T21:26:23.145Z

Page reload sent to client(s).
[33m❯[39m Changes detected. Rebuilding...
[32m✔[39m Changes detected. Rebuilding...
[1mInitial chunk files[22m[2m | [22m[1mNames[22m            [2m | [22m[1mRaw size[22m
[32mmain.js[39m            [2m | [22m[2mmain[22m             [2m | [22m[36m27.60 kB[39m[2m | [22m

[1mLazy chunk files[22m   [2m | [22m[1mNames[22m            [2m | [22m[1mRaw size[22m
[32mchunk-PQKN3O2P.js[39m  [2m | [22m[2mcompare-component[22m[2m | [22m[36m45.16 kB[39m[2m | [22m

Application bundle generation complete. [0.363 seconds] - 2026-07-21T21:29:43.955Z

Component update sent to client(s).
[33m❯[39m Changes detected. Rebuilding...
[32m✔[39m Changes detected. Rebuilding...
[1mInitial chunk files[22m[2m | [22m[1mNames[22m            [2m | [22m[1mRaw size[22m
[32mmain.js[39m            [2m | [22m[2mmain[22m             [2m | [22m[36m27.60 kB[39m[2m | [22m

[1mLazy chunk files[22m   [2m | [22m[1mNames[22m            [2m | [22m[1mRaw size[22m
[32mchunk-WLYJT2RT.js[39m  [2m | [22m[2mcompare-component[22m[2m | [22m[36m49.19 kB[39m[2m | [22m

Application bundle generation complete. [0.347 seconds] - 2026-07-21T21:29:58.739Z

Component update sent to client(s).
[33m❯[39m Changes detected. Rebuilding...
[32m✔[39m Changes detected. Rebuilding...
[1mInitial chunk files[22m[2m | [22m[1mNames[22m            [2m | [22m[1mRaw size[22m
[32mmain.js[39m            [2m | [22m[2mmain[22m             [2m | [22m[36m27.60 kB[39m[2m | [22m

[1mLazy chunk files[22m   [2m | [22m[1mNames[22m            [2m | [22m[1mRaw size[22m
[32mchunk-JX2LJF2P.js[39m  [2m | [22m[2mcompare-component[22m[2m | [22m[36m49.37 kB[39m[2m | [22m

Application bundle generation complete. [0.357 seconds] - 2026-07-21T21:44:25.253Z

Component update sent to client(s).
[33m❯[39m Changes detected. Rebuilding...
[32m✔[39m Changes detected. Rebuilding...
[1mInitial chunk files[22m[2m | [22m[1mNames[22m            [2m | [22m[1mRaw size[22m
[32mmain.js[39m            [2m | [22m[2mmain[22m             [2m | [22m[36m27.60 kB[39m[2m | [22m

[1mLazy chunk files[22m   [2m | [22m[1mNames[22m            [2m | [22m[1mRaw size[22m
[32mchunk-MRWRV3ZX.js[39m  [2m | [22m[2mcompare-component[22m[2m | [22m[36m49.32 kB[39m[2m | [22m

Application bundle generation complete. [0.242 seconds] - 2026-07-21T21:56:05.889Z

Component update sent to client(s).
[33m❯[39m Changes detected. Rebuilding...
[32m✔[39m Changes detected. Rebuilding...
[1mInitial chunk files[22m[2m | [22m[1mNames[22m            [2m | [22m[1mRaw size[22m
[32mmain.js[39m            [2m | [22m[2mmain[22m             [2m | [22m[36m27.60 kB[39m[2m | [22m

[1mLazy chunk files[22m   [2m | [22m[1mNames[22m            [2m | [22m[1mRaw size[22m
[32mchunk-VQK36Q2I.js[39m  [2m | [22m[2mcompare-component[22m[2m | [22m[36m48.96 kB[39m[2m | [22m

Application bundle generation complete. [0.335 seconds] - 2026-07-21T21:56:22.269Z

Component update sent to client(s).
[33m❯[39m Changes detected. Rebuilding...
[32m✔[39m Changes detected. Rebuilding...
[1mInitial chunk files[22m[2m | [22m[1mNames[22m            [2m | [22m[1mRaw size[22m
[32mmain.js[39m            [2m | [22m[2mmain[22m             [2m | [22m[36m27.60 kB[39m[2m | [22m

[1mLazy chunk files[22m   [2m | [22m[1mNames[22m            [2m | [22m[1mRaw size[22m
[32mchunk-ITYT7RL3.js[39m  [2m | [22m[2mcompare-component[22m[2m | [22m[36m49.01 kB[39m[2m | [22m

Application bundle generation complete. [0.274 seconds] - 2026-07-21T21:56:25.591Z

Component update sent to client(s).
[33m❯[39m Changes detected. Rebuilding...
[32m✔[39m Changes detected. Rebuilding...
[1mInitial chunk files[22m[2m | [22m[1mNames[22m            [2m | [22m[1mRaw size[22m
[32mmain.js[39m            [2m | [22m[2mmain[22m             [2m | [22m[36m27.60 kB[39m[2m | [22m

[1mLazy chunk files[22m   [2m | [22m[1mNames[22m            [2m | [22m[1mRaw size[22m
[32mchunk-6FKXBIOY.js[39m  [2m | [22m[2mcompare-component[22m[2m | [22m[36m48.84 kB[39m[2m | [22m

Application bundle generation complete. [0.301 seconds] - 2026-07-21T21:57:11.989Z

Component update sent to client(s).
[33m❯[39m Changes detected. Rebuilding...
[32m✔[39m Changes detected. Rebuilding...
[1mInitial chunk files[22m[2m | [22m[1mNames[22m            [2m | [22m[1mRaw size[22m
[32mmain.js[39m            [2m | [22m[2mmain[22m             [2m | [22m[36m27.60 kB[39m[2m | [22m

[1mLazy chunk files[22m   [2m | [22m[1mNames[22m            [2m | [22m[1mRaw size[22m
[32mchunk-SX4NPFSD.js[39m  [2m | [22m[2mcompare-component[22m[2m | [22m[36m49.11 kB[39m[2m | [22m

Application bundle generation complete. [0.311 seconds] - 2026-07-21T21:57:16.032Z

Component update sent to client(s).
[33m❯[39m Changes detected. Rebuilding...
[32m✔[39m Changes detected. Rebuilding...
[1mInitial chunk files[22m[2m | [22m[1mNames[22m[2m | [22m[1mRaw size[22m
[32mmain.js[39m            [2m | [22m[2mmain[22m [2m | [22m[36m27.57 kB[39m[2m | [22m

Application bundle generation complete. [0.197 seconds] - 2026-07-21T21:59:02.147Z

Component update sent to client(s).
[33m❯[39m Changes detected. Rebuilding...
[32m✔[39m Changes detected. Rebuilding...
[1mInitial chunk files[22m[2m | [22m[1mNames[22m            [2m | [22m[1mRaw size[22m
[32mmain.js[39m            [2m | [22m[2mmain[22m             [2m | [22m[36m27.57 kB[39m[2m | [22m

[1mLazy chunk files[22m   [2m | [22m[1mNames[22m            [2m | [22m[1mRaw size[22m
[32mchunk-GC5JK77T.js[39m  [2m | [22m[2mcompare-component[22m[2m | [22m[36m49.09 kB[39m[2m | [22m

Application bundle generation complete. [0.316 seconds] - 2026-07-21T22:00:12.014Z

Component update sent to client(s).
[33m❯[39m Changes detected. Rebuilding...
[32m✔[39m Changes detected. Rebuilding...
[1mInitial chunk files[22m[2m | [22m[1mNames[22m            [2m | [22m[1mRaw size[22m
[32mmain.js[39m            [2m | [22m[2mmain[22m             [2m | [22m[36m27.57 kB[39m[2m | [22m

[1mLazy chunk files[22m   [2m | [22m[1mNames[22m            [2m | [22m[1mRaw size[22m
[32mchunk-5CSNZVFD.js[39m  [2m | [22m[2mcompare-component[22m[2m | [22m[36m49.09 kB[39m[2m | [22m

Application bundle generation complete. [0.232 seconds] - 2026-07-21T22:07:43.786Z

Component update sent to client(s).
[33m❯[39m Changes detected. Rebuilding...
[32m✔[39m Changes detected. Rebuilding...
[1mInitial chunk files[22m[2m | [22m[1mNames[22m            [2m | [22m[1mRaw size[22m
[32mmain.js[39m            [2m | [22m[2mmain[22m             [2m | [22m[36m27.57 kB[39m[2m | [22m

[1mLazy chunk files[22m   [2m | [22m[1mNames[22m            [2m | [22m[1mRaw size[22m
[32mchunk-P5NEL2SG.js[39m  [2m | [22m[2mcompare-component[22m[2m | [22m[36m49.11 kB[39m[2m | [22m

Application bundle generation complete. [0.291 seconds] - 2026-07-21T22:07:47.720Z

Component update sent to client(s).
[33m❯[39m Changes detected. Rebuilding...
[32m✔[39m Changes detected. Rebuilding...
[1mInitial chunk files[22m[2m | [22m[1mNames[22m            [2m | [22m[1mRaw size[22m
[32mmain.js[39m            [2m | [22m[2mmain[22m             [2m | [22m[36m27.57 kB[39m[2m | [22m

[1mLazy chunk files[22m   [2m | [22m[1mNames[22m            [2m | [22m[1mRaw size[22m
[32mchunk-5MFSZDGC.js[39m  [2m | [22m[2mcompare-component[22m[2m | [22m[36m49.13 kB[39m[2m | [22m

Application bundle generation complete. [0.242 seconds] - 2026-07-21T22:07:51.137Z

Component update sent to client(s).
[33m❯[39m Changes detected. Rebuilding...
[32m✔[39m Changes detected. Rebuilding...
[1mInitial chunk files[22m[2m | [22m[1mNames[22m            [2m | [22m[1mRaw size[22m
[32mmain.js[39m            [2m | [22m[2mmain[22m             [2m | [22m[36m27.57 kB[39m[2m | [22m

[1mLazy chunk files[22m   [2m | [22m[1mNames[22m            [2m | [22m[1mRaw size[22m
[32mchunk-TXDBLMT3.js[39m  [2m | [22m[2mcompare-component[22m[2m | [22m[36m49.29 kB[39m[2m | [22m

Application bundle generation complete. [0.311 seconds] - 2026-07-21T22:09:21.862Z

Component update sent to client(s).
[33m❯[39m Changes detected. Rebuilding...
[32m✔[39m Changes detected. Rebuilding...
[1mInitial chunk files[22m[2m | [22m[1mNames[22m            [2m | [22m[1mRaw size[22m
[32mmain.js[39m            [2m | [22m[2mmain[22m             [2m | [22m[36m27.57 kB[39m[2m | [22m

[1mLazy chunk files[22m   [2m | [22m[1mNames[22m            [2m | [22m[1mRaw size[22m
[32mchunk-WJABU3QA.js[39m  [2m | [22m[2mcompare-component[22m[2m | [22m[36m49.65 kB[39m[2m | [22m

Application bundle generation complete. [0.252 seconds] - 2026-07-21T22:09:26.372Z

Component update sent to client(s).
[33m❯[39m Changes detected. Rebuilding...
[32m✔[39m Changes detected. Rebuilding...
[1mInitial chunk files[22m[2m | [22m[1mNames[22m            [2m | [22m[1mRaw size[22m
[32mmain.js[39m            [2m | [22m[2mmain[22m             [2m | [22m[36m27.57 kB[39m[2m | [22m

[1mLazy chunk files[22m   [2m | [22m[1mNames[22m            [2m | [22m[1mRaw size[22m
[32mchunk-UDMEKOGG.js[39m  [2m | [22m[2mcompare-component[22m[2m | [22m[36m49.85 kB[39m[2m | [22m

Application bundle generation complete. [0.278 seconds] - 2026-07-21T22:09:34.269Z

Component update sent to client(s).
[33m❯[39m Changes detected. Rebuilding...
[32m✔[39m Changes detected. Rebuilding...
[1mInitial chunk files[22m[2m | [22m[1mNames[22m            [2m | [22m[1mRaw size[22m
[32mmain.js[39m            [2m | [22m[2mmain[22m             [2m | [22m[36m27.57 kB[39m[2m | [22m

[1mLazy chunk files[22m   [2m | [22m[1mNames[22m            [2m | [22m[1mRaw size[22m
[32mchunk-QJ3QLNGT.js[39m  [2m | [22m[2mcompare-component[22m[2m | [22m[36m50.05 kB[39m[2m | [22m

Application bundle generation complete. [0.252 seconds] - 2026-07-21T22:09:37.253Z

Component update sent to client(s).
[33m❯[39m Changes detected. Rebuilding...
[32m✔[39m Changes detected. Rebuilding...
[1mInitial chunk files[22m[2m | [22m[1mNames[22m            [2m | [22m[1mRaw size[22m
[32mmain.js[39m            [2m | [22m[2mmain[22m             [2m | [22m[36m27.57 kB[39m[2m | [22m

[1mLazy chunk files[22m   [2m | [22m[1mNames[22m            [2m | [22m[1mRaw size[22m
[32mchunk-ORLD2PBS.js[39m  [2m | [22m[2mcompare-component[22m[2m | [22m[36m50.26 kB[39m[2m | [22m

Application bundle generation complete. [0.226 seconds] - 2026-07-21T22:09:40.340Z

Component update sent to client(s).
[33m❯[39m Changes detected. Rebuilding...
[32m✔[39m Changes detected. Rebuilding...
[1mInitial chunk files[22m[2m | [22m[1mNames[22m            [2m | [22m[1mRaw size[22m
[32mmain.js[39m            [2m | [22m[2mmain[22m             [2m | [22m[36m27.57 kB[39m[2m | [22m

[1mLazy chunk files[22m   [2m | [22m[1mNames[22m            [2m | [22m[1mRaw size[22m
[32mchunk-NV35EAM3.js[39m  [2m | [22m[2mcompare-component[22m[2m | [22m[36m50.47 kB[39m[2m | [22m

Application bundle generation complete. [0.258 seconds] - 2026-07-21T22:09:43.169Z

Component update sent to client(s).
[33m❯[39m Changes detected. Rebuilding...
[32m✔[39m Changes detected. Rebuilding...
[1mInitial chunk files[22m[2m | [22m[1mNames[22m            [2m | [22m[1mRaw size[22m
[32mmain.js[39m            [2m | [22m[2mmain[22m             [2m | [22m[36m27.57 kB[39m[2m | [22m

[1mLazy chunk files[22m   [2m | [22m[1mNames[22m            [2m | [22m[1mRaw size[22m
[32mchunk-UA7AN5YG.js[39m  [2m | [22m[2mcompare-component[22m[2m | [22m[36m50.61 kB[39m[2m | [22m

Application bundle generation complete. [0.249 seconds] - 2026-07-21T22:09:47.386Z

Component update sent to client(s).
[33m❯[39m Changes detected. Rebuilding...
[32m✔[39m Changes detected. Rebuilding...
[1mInitial chunk files[22m[2m | [22m[1mNames[22m            [2m | [22m[1mRaw size[22m
[32mmain.js[39m            [2m | [22m[2mmain[22m             [2m | [22m[36m27.57 kB[39m[2m | [22m

[1mLazy chunk files[22m   [2m | [22m[1mNames[22m            [2m | [22m[1mRaw size[22m
[32mchunk-XSIF2PFZ.js[39m  [2m | [22m[2mcompare-component[22m[2m | [22m[36m50.45 kB[39m[2m | [22m

Application bundle generation complete. [0.221 seconds] - 2026-07-21T22:10:12.443Z

Component update sent to client(s).
[33m❯[39m Changes detected. Rebuilding...
[32m✔[39m Changes detected. Rebuilding...
[1mInitial chunk files[22m[2m | [22m[1mNames[22m            [2m | [22m[1mRaw size[22m
[32mmain.js[39m            [2m | [22m[2mmain[22m             [2m | [22m[36m27.57 kB[39m[2m | [22m

[1mLazy chunk files[22m   [2m | [22m[1mNames[22m            [2m | [22m[1mRaw size[22m
[32mchunk-4JXYATM6.js[39m  [2m | [22m[2mcompare-component[22m[2m | [22m[36m50.64 kB[39m[2m | [22m

Application bundle generation complete. [0.265 seconds] - 2026-07-21T22:10:15.669Z

Component update sent to client(s).
[33m❯[39m Changes detected. Rebuilding...
[32m✔[39m Changes detected. Rebuilding...
[1mInitial chunk files[22m[2m | [22m[1mNames[22m            [2m | [22m[1mRaw size[22m
[32mmain.js[39m            [2m | [22m[2mmain[22m             [2m | [22m[36m27.57 kB[39m[2m | [22m

[1mLazy chunk files[22m   [2m | [22m[1mNames[22m            [2m | [22m[1mRaw size[22m
[32mchunk-JJV6YVH6.js[39m  [2m | [22m[2mcompare-component[22m[2m | [22m[36m50.34 kB[39m[2m | [22m

Application bundle generation complete. [0.267 seconds] - 2026-07-21T22:10:19.240Z

Component update sent to client(s).
[33m❯[39m Changes detected. Rebuilding...
[32m✔[39m Changes detected. Rebuilding...
[1mInitial chunk files[22m[2m | [22m[1mNames[22m            [2m | [22m[1mRaw size[22m
[32mmain.js[39m            [2m | [22m[2mmain[22m             [2m | [22m[36m27.57 kB[39m[2m | [22m

[1mLazy chunk files[22m   [2m | [22m[1mNames[22m            [2m | [22m[1mRaw size[22m
[32mchunk-A72JWUIA.js[39m  [2m | [22m[2mcompare-component[22m[2m | [22m[36m50.30 kB[39m[2m | [22m

Application bundle generation complete. [0.240 seconds] - 2026-07-21T22:10:37.932Z

Component update sent to client(s).
[33m❯[39m Changes detected. Rebuilding...
[32m✔[39m Changes detected. Rebuilding...
[1mInitial chunk files[22m[2m | [22m[1mNames[22m            [2m | [22m[1mRaw size[22m
[32mmain.js[39m            [2m | [22m[2mmain[22m             [2m | [22m[36m27.57 kB[39m[2m | [22m

[1mLazy chunk files[22m   [2m | [22m[1mNames[22m            [2m | [22m[1mRaw size[22m
[32mchunk-TQDFT2MD.js[39m  [2m | [22m[2mcompare-component[22m[2m | [22m[36m50.07 kB[39m[2m | [22m

Application bundle generation complete. [0.270 seconds] - 2026-07-21T22:11:03.393Z

Component update sent to client(s).
[33m❯[39m Changes detected. Rebuilding...
[32m✔[39m Changes detected. Rebuilding...
[1mInitial chunk files[22m[2m | [22m[1mNames[22m            [2m | [22m[1mRaw size[22m
[32mmain.js[39m            [2m | [22m[2mmain[22m             [2m | [22m[36m27.57 kB[39m[2m | [22m

[1mLazy chunk files[22m   [2m | [22m[1mNames[22m            [2m | [22m[1mRaw size[22m
[32mchunk-WEEFRW6F.js[39m  [2m | [22m[2mcompare-component[22m[2m | [22m[36m50.18 kB[39m[2m | [22m

Application bundle generation complete. [0.249 seconds] - 2026-07-21T22:12:07.589Z

Component update sent to client(s).
[33m❯[39m Changes detected. Rebuilding...
[32m✔[39m Changes detected. Rebuilding...
[1mInitial chunk files[22m[2m | [22m[1mNames[22m[2m | [22m[1mRaw size[22m
[32mmain.js[39m            [2m | [22m[2mmain[22m [2m | [22m[36m27.71 kB[39m[2m | [22m

Application bundle generation complete. [0.296 seconds] - 2026-07-21T22:13:19.115Z

Component update sent to client(s).
[33m❯[39m Changes detected. Rebuilding...
[32m✔[39m Changes detected. Rebuilding...
[1mInitial chunk files[22m[2m | [22m[1mNames[22m[2m | [22m[1mRaw size[22m
[32mmain.js[39m            [2m | [22m[2mmain[22m [2m | [22m[36m27.85 kB[39m[2m | [22m

Application bundle generation complete. [0.217 seconds] - 2026-07-21T22:13:23.293Z

Component update sent to client(s).
[33m❯[39m Changes detected. Rebuilding...
[32m✔[39m Changes detected. Rebuilding...
[1mInitial chunk files[22m[2m | [22m[1mNames[22m            [2m | [22m[1mRaw size[22m
[32mmain.js[39m            [2m | [22m[2mmain[22m             [2m | [22m[36m27.85 kB[39m[2m | [22m

[1mLazy chunk files[22m   [2m | [22m[1mNames[22m            [2m | [22m[1mRaw size[22m
[32mchunk-Q6VXVVXZ.js[39m  [2m | [22m[2mcompare-component[22m[2m | [22m[36m50.20 kB[39m[2m | [22m

Application bundle generation complete. [0.371 seconds] - 2026-07-21T22:15:02.154Z

Component update sent to client(s).
[33m❯[39m Changes detected. Rebuilding...
[32m✔[39m Changes detected. Rebuilding...
[1mInitial chunk files[22m[2m | [22m[1mNames[22m            [2m | [22m[1mRaw size[22m
[32mmain.js[39m            [2m | [22m[2mmain[22m             [2m | [22m[36m27.85 kB[39m[2m | [22m

[1mLazy chunk files[22m   [2m | [22m[1mNames[22m            [2m | [22m[1mRaw size[22m
[32mchunk-3DV4QB42.js[39m  [2m | [22m[2mcompare-component[22m[2m | [22m[36m50.03 kB[39m[2m | [22m

Application bundle generation complete. [0.302 seconds] - 2026-07-21T22:15:14.397Z

Component update sent to client(s).
[33m❯[39m Changes detected. Rebuilding...
[32m✔[39m Changes detected. Rebuilding...
[1mInitial chunk files[22m[2m | [22m[1mNames[22m            [2m | [22m[1mRaw size[22m
[32mmain.js[39m            [2m | [22m[2mmain[22m             [2m | [22m[36m27.85 kB[39m[2m | [22m

[1mLazy chunk files[22m   [2m | [22m[1mNames[22m            [2m | [22m[1mRaw size[22m
[32mchunk-SVPLHIKL.js[39m  [2m | [22m[2mcompare-component[22m[2m | [22m[36m50.06 kB[39m[2m | [22m

Application bundle generation complete. [0.336 seconds] - 2026-07-21T22:15:19.386Z

Component update sent to client(s).
[33m❯[39m Changes detected. Rebuilding...
[32m✔[39m Changes detected. Rebuilding...
[1mInitial chunk files[22m[2m | [22m[1mNames[22m[2m | [22m[1mRaw size[22m
[32mmain.js[39m            [2m | [22m[2mmain[22m [2m | [22m[36m27.85 kB[39m[2m | [22m

Application bundle generation complete. [0.200 seconds] - 2026-07-21T22:15:59.166Z

Component update sent to client(s).
[33m❯[39m Changes detected. Rebuilding...
[32m✔[39m Changes detected. Rebuilding...
[1mInitial chunk files[22m[2m | [22m[1mNames[22m            [2m | [22m[1mRaw size[22m
[32mmain.js[39m            [2m | [22m[2mmain[22m             [2m | [22m[36m27.85 kB[39m[2m | [22m

[1mLazy chunk files[22m   [2m | [22m[1mNames[22m            [2m | [22m[1mRaw size[22m
[32mchunk-5CO2CEIF.js[39m  [2m | [22m[2mcompare-component[22m[2m | [22m[36m49.98 kB[39m[2m | [22m

Application bundle generation complete. [0.270 seconds] - 2026-07-21T22:16:21.734Z

Component update sent to client(s).
[33m❯[39m Changes detected. Rebuilding...
[32m✔[39m Changes detected. Rebuilding...
[1mInitial chunk files[22m[2m | [22m[1mNames[22m            [2m | [22m[1mRaw size[22m
[32mmain.js[39m            [2m | [22m[2mmain[22m             [2m | [22m[36m27.85 kB[39m[2m | [22m

[1mLazy chunk files[22m   [2m | [22m[1mNames[22m            [2m | [22m[1mRaw size[22m
[32mchunk-UHQY7KZJ.js[39m  [2m | [22m[2mcompare-component[22m[2m | [22m[36m50.05 kB[39m[2m | [22m

Application bundle generation complete. [0.272 seconds] - 2026-07-21T22:17:22.863Z

Component update sent to client(s).
[33m❯[39m Changes detected. Rebuilding...
[32m✔[39m Changes detected. Rebuilding...
[1mInitial chunk files[22m[2m | [22m[1mNames[22m            [2m | [22m[1mRaw size[22m
[32mmain.js[39m            [2m | [22m[2mmain[22m             [2m | [22m[36m27.85 kB[39m[2m | [22m

[1mLazy chunk files[22m   [2m | [22m[1mNames[22m            [2m | [22m[1mRaw size[22m
[32mchunk-7ISJBZRT.js[39m  [2m | [22m[2mcompare-component[22m[2m | [22m[36m50.27 kB[39m[2m | [22m

Application bundle generation complete. [0.307 seconds] - 2026-07-21T22:18:49.521Z

Component update sent to client(s).
[33m❯[39m Changes detected. Rebuilding...
[32m✔[39m Changes detected. Rebuilding...
[1mInitial chunk files[22m[2m | [22m[1mNames[22m            [2m | [22m[1mRaw size[22m
[32mmain.js[39m            [2m | [22m[2mmain[22m             [2m | [22m[36m27.85 kB[39m[2m | [22m

[1mLazy chunk files[22m   [2m | [22m[1mNames[22m            [2m | [22m[1mRaw size[22m
[32mchunk-KG77MR4W.js[39m  [2m | [22m[2mcompare-component[22m[2m | [22m[36m50.40 kB[39m[2m | [22m

Application bundle generation complete. [0.279 seconds] - 2026-07-21T22:19:55.427Z

Component update sent to client(s).
[33m❯[39m Changes detected. Rebuilding...
[32m✔[39m Changes detected. Rebuilding...
[1mInitial chunk files[22m[2m | [22m[1mNames[22m            [2m | [22m[1mRaw size[22m
[32mmain.js[39m            [2m | [22m[2mmain[22m             [2m | [22m[36m27.85 kB[39m[2m | [22m

[1mLazy chunk files[22m   [2m | [22m[1mNames[22m            [2m | [22m[1mRaw size[22m
[32mchunk-IOJKTP4S.js[39m  [2m | [22m[2mcompare-component[22m[2m | [22m[36m50.40 kB[39m[2m | [22m

Application bundle generation complete. [0.292 seconds] - 2026-07-21T22:19:59.873Z

Component update sent to client(s).
[33m❯[39m Changes detected. Rebuilding...
[32m✔[39m Changes detected. Rebuilding...
[1mInitial chunk files[22m[2m | [22m[1mNames[22m            [2m | [22m[1mRaw size[22m
[32mmain.js[39m            [2m | [22m[2mmain[22m             [2m | [22m[36m27.85 kB[39m[2m | [22m

[1mLazy chunk files[22m   [2m | [22m[1mNames[22m            [2m | [22m[1mRaw size[22m
[32mchunk-UVYVPHP3.js[39m  [2m | [22m[2mcompare-component[22m[2m | [22m[36m50.90 kB[39m[2m | [22m

Application bundle generation complete. [0.215 seconds] - 2026-07-21T22:21:45.816Z

Component update sent to client(s).
[33m❯[39m Changes detected. Rebuilding...
[32m✔[39m Changes detected. Rebuilding...
[1mInitial chunk files[22m[2m | [22m[1mNames[22m            [2m | [22m[1mRaw size[22m
[32mmain.js[39m            [2m | [22m[2mmain[22m             [2m | [22m[36m27.85 kB[39m[2m | [22m

[1mLazy chunk files[22m   [2m | [22m[1mNames[22m            [2m | [22m[1mRaw size[22m
[32mchunk-F22XCHEF.js[39m  [2m | [22m[2mcompare-component[22m[2m | [22m[36m51.11 kB[39m[2m | [22m

Application bundle generation complete. [0.274 seconds] - 2026-07-21T22:22:00.891Z

Component update sent to client(s).
[33m❯[39m Changes detected. Rebuilding...
[32m✔[39m Changes detected. Rebuilding...
[1mInitial chunk files[22m[2m | [22m[1mNames[22m            [2m | [22m[1mRaw size[22m
[32mmain.js[39m            [2m | [22m[2mmain[22m             [2m | [22m[36m27.85 kB[39m[2m | [22m

[1mLazy chunk files[22m   [2m | [22m[1mNames[22m            [2m | [22m[1mRaw size[22m
[32mchunk-TGQG5JQC.js[39m  [2m | [22m[2mcompare-component[22m[2m | [22m[36m51.09 kB[39m[2m | [22m

Application bundle generation complete. [0.289 seconds] - 2026-07-21T22:27:55.390Z

Component update sent to client(s).
[33m❯[39m Changes detected. Rebuilding...
[32m✔[39m Changes detected. Rebuilding...
[1mInitial chunk files[22m[2m | [22m[1mNames[22m            [2m | [22m[1mRaw size[22m
[32mmain.js[39m            [2m | [22m[2mmain[22m             [2m | [22m[36m27.85 kB[39m[2m | [22m

[1mLazy chunk files[22m   [2m | [22m[1mNames[22m            [2m | [22m[1mRaw size[22m
[32mchunk-HKYMMNEI.js[39m  [2m | [22m[2mcompare-component[22m[2m | [22m[36m51.09 kB[39m[2m | [22m

Application bundle generation complete. [0.335 seconds] - 2026-07-21T22:28:07.377Z

Component update sent to client(s).
[33m❯[39m Changes detected. Rebuilding...
[32m✔[39m Changes detected. Rebuilding...
[1mInitial chunk files[22m[2m | [22m[1mNames[22m            [2m | [22m[1mRaw size[22m
[32mmain.js[39m            [2m | [22m[2mmain[22m             [2m | [22m[36m27.85 kB[39m[2m | [22m

[1mLazy chunk files[22m   [2m | [22m[1mNames[22m            [2m | [22m[1mRaw size[22m
[32mchunk-M4BJEZ4U.js[39m  [2m | [22m[2mcompare-component[22m[2m | [22m[36m51.09 kB[39m[2m | [22m

Application bundle generation complete. [0.258 seconds] - 2026-07-21T22:28:10.147Z

Component update sent to client(s).
[33m❯[39m Changes detected. Rebuilding...
[32m✔[39m Changes detected. Rebuilding...
[1mInitial chunk files[22m[2m | [22m[1mNames[22m            [2m | [22m[1mRaw size[22m
[32mmain.js[39m            [2m | [22m[2mmain[22m             [2m | [22m[36m27.85 kB[39m[2m | [22m

[1mLazy chunk files[22m   [2m | [22m[1mNames[22m            [2m | [22m[1mRaw size[22m
[32mchunk-ESODXR34.js[39m  [2m | [22m[2mcompare-component[22m[2m | [22m[36m51.10 kB[39m[2m | [22m

Application bundle generation complete. [0.259 seconds] - 2026-07-21T22:30:53.432Z

Component update sent to client(s).
[33m❯[39m Changes detected. Rebuilding...
[32m✔[39m Changes detected. Rebuilding...
[1mInitial chunk files[22m[2m | [22m[1mNames[22m            [2m | [22m[1mRaw size[22m
[32mmain.js[39m            [2m | [22m[2mmain[22m             [2m | [22m[36m27.85 kB[39m[2m | [22m

[1mLazy chunk files[22m   [2m | [22m[1mNames[22m            [2m | [22m[1mRaw size[22m
[32mchunk-LJQDSI6C.js[39m  [2m | [22m[2mcompare-component[22m[2m | [22m[36m50.88 kB[39m[2m | [22m

Application bundle generation complete. [0.300 seconds] - 2026-07-21T22:31:08.282Z

Component update sent to client(s).
[33m❯[39m Changes detected. Rebuilding...
[32m✔[39m Changes detected. Rebuilding...
[1mInitial chunk files[22m[2m | [22m[1mNames[22m            [2m | [22m[1mRaw size[22m
[32mmain.js[39m            [2m | [22m[2mmain[22m             [2m | [22m[36m27.85 kB[39m[2m | [22m

[1mLazy chunk files[22m   [2m | [22m[1mNames[22m            [2m | [22m[1mRaw size[22m
[32mchunk-TGAF3BYH.js[39m  [2m | [22m[2mcompare-component[22m[2m | [22m[36m50.88 kB[39m[2m | [22m

Application bundle generation complete. [0.280 seconds] - 2026-07-21T22:31:25.026Z

Component update sent to client(s).
[33m❯[39m Changes detected. Rebuilding...
[32m✔[39m Changes detected. Rebuilding...
[1mInitial chunk files[22m[2m | [22m[1mNames[22m            [2m | [22m[1mRaw size[22m
[32mmain.js[39m            [2m | [22m[2mmain[22m             [2m | [22m[36m27.85 kB[39m[2m | [22m

[1mLazy chunk files[22m   [2m | [22m[1mNames[22m            [2m | [22m[1mRaw size[22m
[32mchunk-6QLRIZDO.js[39m  [2m | [22m[2mcompare-component[22m[2m | [22m[36m50.88 kB[39m[2m | [22m

Application bundle generation complete. [0.252 seconds] - 2026-07-21T22:31:28.004Z

Component update sent to client(s).
[33m❯[39m Changes detected. Rebuilding...
[32m✔[39m Changes detected. Rebuilding...
[1mInitial chunk files[22m[2m | [22m[1mNames[22m            [2m | [22m[1mRaw size[22m
[32mmain.js[39m            [2m | [22m[2mmain[22m             [2m | [22m[36m27.85 kB[39m[2m | [22m

[1mLazy chunk files[22m   [2m | [22m[1mNames[22m            [2m | [22m[1mRaw size[22m
[32mchunk-AON5RSPP.js[39m  [2m | [22m[2mcompare-component[22m[2m | [22m[36m50.64 kB[39m[2m | [22m

Application bundle generation complete. [0.229 seconds] - 2026-07-21T22:32:24.560Z

Component update sent to client(s).
[33m❯[39m Changes detected. Rebuilding...
[32m✔[39m Changes detected. Rebuilding...
[1mInitial chunk files[22m[2m | [22m[1mNames[22m            [2m | [22m[1mRaw size[22m
[32mmain.js[39m            [2m | [22m[2mmain[22m             [2m | [22m[36m27.85 kB[39m[2m | [22m

[1mLazy chunk files[22m   [2m | [22m[1mNames[22m            [2m | [22m[1mRaw size[22m
[32mchunk-NGHALJXG.js[39m  [2m | [22m[2mcompare-component[22m[2m | [22m[36m50.37 kB[39m[2m | [22m

Application bundle generation complete. [0.229 seconds] - 2026-07-21T22:32:27.617Z

Component update sent to client(s).
[33m❯[39m Changes detected. Rebuilding...
[32m✔[39m Changes detected. Rebuilding...
[1mInitial chunk files[22m[2m | [22m[1mNames[22m            [2m | [22m[1mRaw size[22m
[32mmain.js[39m            [2m | [22m[2mmain[22m             [2m | [22m[36m27.85 kB[39m[2m | [22m

[1mLazy chunk files[22m   [2m | [22m[1mNames[22m            [2m | [22m[1mRaw size[22m
[32mchunk-JDVLP7ET.js[39m  [2m | [22m[2mcompare-component[22m[2m | [22m[36m51.38 kB[39m[2m | [22m

Application bundle generation complete. [0.277 seconds] - 2026-07-21T22:33:05.989Z

Component update sent to client(s).
[33m❯[39m Changes detected. Rebuilding...
[32m✔[39m Changes detected. Rebuilding...
[1mInitial chunk files[22m[2m | [22m[1mNames[22m            [2m | [22m[1mRaw size[22m
[32mmain.js[39m            [2m | [22m[2mmain[22m             [2m | [22m[36m27.85 kB[39m[2m | [22m

[1mLazy chunk files[22m   [2m | [22m[1mNames[22m            [2m | [22m[1mRaw size[22m
[32mchunk-BDKT56S2.js[39m  [2m | [22m[2mcompare-component[22m[2m | [22m[36m51.67 kB[39m[2m | [22m

Application bundle generation complete. [0.228 seconds] - 2026-07-21T22:33:16.789Z

Component update sent to client(s).
[33m❯[39m Changes detected. Rebuilding...
[32m✔[39m Changes detected. Rebuilding...
[1mInitial chunk files[22m[2m | [22m[1mNames[22m            [2m | [22m[1mRaw size[22m
[32mmain.js[39m            [2m | [22m[2mmain[22m             [2m | [22m[36m27.85 kB[39m[2m | [22m

[1mLazy chunk files[22m   [2m | [22m[1mNames[22m            [2m | [22m[1mRaw size[22m
[32mchunk-WNMFFNAY.js[39m  [2m | [22m[2mcompare-component[22m[2m | [22m[36m51.94 kB[39m[2m | [22m

Application bundle generation complete. [0.206 seconds] - 2026-07-21T22:33:38.007Z

Component update sent to client(s).
[33m❯[39m Changes detected. Rebuilding...
[32m✔[39m Changes detected. Rebuilding...
[1mInitial chunk files[22m[2m | [22m[1mNames[22m            [2m | [22m[1mRaw size[22m
[32mmain.js[39m            [2m | [22m[2mmain[22m             [2m | [22m[36m27.85 kB[39m[2m | [22m

[1mLazy chunk files[22m   [2m | [22m[1mNames[22m            [2m | [22m[1mRaw size[22m
[32mchunk-KEGXDBID.js[39m  [2m | [22m[2mcompare-component[22m[2m | [22m[36m52.18 kB[39m[2m | [22m

Application bundle generation complete. [0.250 seconds] - 2026-07-21T22:33:41.710Z

Component update sent to client(s).
[33m❯[39m Changes detected. Rebuilding...
[32m✔[39m Changes detected. Rebuilding...
[1mInitial chunk files[22m[2m | [22m[1mNames[22m            [2m | [22m[1mRaw size[22m
[32mmain.js[39m            [2m | [22m[2mmain[22m             [2m | [22m[36m27.85 kB[39m[2m | [22m

[1mLazy chunk files[22m   [2m | [22m[1mNames[22m            [2m | [22m[1mRaw size[22m
[32mchunk-DH5K4J54.js[39m  [2m | [22m[2mcompare-component[22m[2m | [22m[36m51.95 kB[39m[2m | [22m

Application bundle generation complete. [0.226 seconds] - 2026-07-21T22:33:45.089Z

Component update sent to client(s).
[33m❯[39m Changes detected. Rebuilding...
[32m✔[39m Changes detected. Rebuilding...
[1mInitial chunk files[22m[2m | [22m[1mNames[22m            [2m | [22m[1mRaw size[22m
[32mmain.js[39m            [2m | [22m[2mmain[22m             [2m | [22m[36m27.85 kB[39m[2m | [22m

[1mLazy chunk files[22m   [2m | [22m[1mNames[22m            [2m | [22m[1mRaw size[22m
[32mchunk-3C5ABRQO.js[39m  [2m | [22m[2mcompare-component[22m[2m | [22m[36m51.70 kB[39m[2m | [22m

Application bundle generation complete. [0.226 seconds] - 2026-07-21T22:33:48.934Z

Component update sent to client(s).
[33m❯[39m Changes detected. Rebuilding...
[32m✔[39m Changes detected. Rebuilding...
[1mInitial chunk files[22m[2m | [22m[1mNames[22m            [2m | [22m[1mRaw size[22m
[32mmain.js[39m            [2m | [22m[2mmain[22m             [2m | [22m[36m27.85 kB[39m[2m | [22m

[1mLazy chunk files[22m   [2m | [22m[1mNames[22m            [2m | [22m[1mRaw size[22m
[32mchunk-IRCBTUJV.js[39m  [2m | [22m[2mcompare-component[22m[2m | [22m[36m51.70 kB[39m[2m | [22m

Application bundle generation complete. [0.263 seconds] - 2026-07-21T22:33:53.334Z

Component update sent to client(s).
[33m❯[39m Changes detected. Rebuilding...
[32m✔[39m Changes detected. Rebuilding...
[1mInitial chunk files[22m[2m | [22m[1mNames[22m            [2m | [22m[1mRaw size[22m
[32mmain.js[39m            [2m | [22m[2mmain[22m             [2m | [22m[36m27.85 kB[39m[2m | [22m

[1mLazy chunk files[22m   [2m | [22m[1mNames[22m            [2m | [22m[1mRaw size[22m
[32mchunk-YKGRA5K5.js[39m  [2m | [22m[2mcompare-component[22m[2m | [22m[36m51.70 kB[39m[2m | [22m

Application bundle generation complete. [0.250 seconds] - 2026-07-21T22:33:57.883Z

Component update sent to client(s).
[33m❯[39m Changes detected. Rebuilding...
[32m✔[39m Changes detected. Rebuilding...
[1mInitial chunk files[22m[2m | [22m[1mNames[22m            [2m | [22m[1mRaw size[22m
[32mmain.js[39m            [2m | [22m[2mmain[22m             [2m | [22m[36m27.85 kB[39m[2m | [22m

[1mLazy chunk files[22m   [2m | [22m[1mNames[22m            [2m | [22m[1mRaw size[22m
[32mchunk-H5X4LMVD.js[39m  [2m | [22m[2mcompare-component[22m[2m | [22m[36m51.70 kB[39m[2m | [22m

Application bundle generation complete. [0.286 seconds] - 2026-07-21T22:34:32.708Z

Component update sent to client(s).
[33m❯[39m Changes detected. Rebuilding...
[32m✔[39m Changes detected. Rebuilding...
[1mInitial chunk files[22m[2m | [22m[1mNames[22m            [2m | [22m[1mRaw size[22m
[32mmain.js[39m            [2m | [22m[2mmain[22m             [2m | [22m[36m27.85 kB[39m[2m | [22m

[1mLazy chunk files[22m   [2m | [22m[1mNames[22m            [2m | [22m[1mRaw size[22m
[32mchunk-YWEF2T3X.js[39m  [2m | [22m[2mcompare-component[22m[2m | [22m[36m51.70 kB[39m[2m | [22m

Application bundle generation complete. [0.259 seconds] - 2026-07-21T22:34:42.987Z

Component update sent to client(s).
